// Vitest Snapshot v1, https://vitest.dev/guide/snapshot.html

exports[`buildExportData() > produit une structure d’export stable (golden-master) 1`] = `
{
  "global": {
    "apportETF": 60000,
    "budgetMensuel": 2500,
    "horizon": 20,
    "inflation": 2,
    "investirSurplus": true,
    "loyerPerso": 900,
    "regime": "lmnp",
    "rendAlt": 6,
    "revalBudget": 0,
    "revalCharges": 2,
    "revalLoyerPerso": 2,
    "tauxActu": 3,
  },
  "simulations": {
    "A": {
      "computed": {
        "assuranceMensuelle": 49,
        "breakevenAns": null,
        "cashflowMensuel": -1355,
        "coutTotal": 285000,
        "etfPurRef": [
          {
            "annee": 1,
            "capitalEtf": 82800,
          },
          {
            "annee": 2,
            "capitalEtf": 106752,
          },
          {
            "annee": 3,
            "capitalEtf": 131921,
          },
          {
            "annee": 4,
            "capitalEtf": 158375,
          },
          {
            "annee": 5,
            "capitalEtf": 186187,
          },
          {
            "annee": 6,
            "capitalEtf": 215434,
          },
          {
            "annee": 7,
            "capitalEtf": 246198,
          },
          {
            "annee": 8,
            "capitalEtf": 278564,
          },
          {
            "annee": 9,
            "capitalEtf": 312624,
          },
          {
            "annee": 10,
            "capitalEtf": 348474,
          },
          {
            "annee": 11,
            "capitalEtf": 386218,
          },
          {
            "annee": 12,
            "capitalEtf": 425962,
          },
          {
            "annee": 13,
            "capitalEtf": 467823,
          },
          {
            "annee": 14,
            "capitalEtf": 511921,
          },
          {
            "annee": 15,
            "capitalEtf": 558386,
          },
          {
            "annee": 16,
            "capitalEtf": 607354,
          },
          {
            "annee": 17,
            "capitalEtf": 658969,
          },
          {
            "annee": 18,
            "capitalEtf": 713385,
          },
          {
            "annee": 19,
            "capitalEtf": 770763,
          },
          {
            "annee": 20,
            "capitalEtf": 831275,
          },
          {
            "annee": 21,
            "capitalEtf": 895103,
          },
          {
            "annee": 22,
            "capitalEtf": 962440,
          },
          {
            "annee": 23,
            "capitalEtf": 1033490,
          },
          {
            "annee": 24,
            "capitalEtf": 1108469,
          },
          {
            "annee": 25,
            "capitalEtf": 1187606,
          },
          {
            "annee": 26,
            "capitalEtf": 1271144,
          },
          {
            "annee": 27,
            "capitalEtf": 1359340,
          },
          {
            "annee": 28,
            "capitalEtf": 1452466,
          },
          {
            "annee": 29,
            "capitalEtf": 1550811,
          },
          {
            "annee": 30,
            "capitalEtf": 1654680,
          },
        ],
        "flux": [
          {
            "annee": 1,
            "annuitePlusAssurance": 17454,
            "bilanRevente": -39866,
            "capitalRestant": 227041,
            "cfCumule": -20394,
            "cfNet": -20394,
            "charges": 3540,
            "etfPoche": 9606,
            "impots": 0,
            "loyersEncaisses": 11400,
            "patrimoineNet": -42436,
            "patrimoineTotal": 37564,
            "reventeNette": 30528,
            "valeurBien": 255000,
          },
          {
            "annee": 2,
            "annuitePlusAssurance": 17454,
            "bilanRevente": -48869,
            "capitalRestant": 218771,
            "cfCumule": -40900,
            "cfNet": -20506,
            "charges": 3607,
            "etfPoche": 19677,
            "impots": 0,
            "loyersEncaisses": 11571,
            "patrimoineNet": -49571,
            "patrimoineTotal": 61006,
            "reventeNette": 42031,
            "valeurBien": 260100,
          },
          {
            "annee": 3,
            "annuitePlusAssurance": 17454,
            "bilanRevente": -57597,
            "capitalRestant": 210177,
            "cfCumule": -61520,
            "cfNet": -20620,
            "charges": 3674,
            "etfPoche": 30237,
            "impots": 0,
            "loyersEncaisses": 11745,
            "patrimoineNet": -56395,
            "patrimoineTotal": 85362,
            "reventeNette": 53923,
            "valeurBien": 265302,
          },
          {
            "annee": 4,
            "annuitePlusAssurance": 17454,
            "bilanRevente": -66040,
            "capitalRestant": 201245,
            "cfCumule": -82258,
            "cfNet": -20738,
            "charges": 3744,
            "etfPoche": 41313,
            "impots": 0,
            "loyersEncaisses": 11921,
            "patrimoineNet": -62895,
            "patrimoineTotal": 110676,
            "reventeNette": 66218,
            "valeurBien": 270608,
          },
          {
            "annee": 5,
            "annuitePlusAssurance": 17454,
            "bilanRevente": -74187,
            "capitalRestant": 191964,
            "cfCumule": -103117,
            "cfNet": -20859,
            "charges": 3814,
            "etfPoche": 52933,
            "impots": 0,
            "loyersEncaisses": 12100,
            "patrimoineNet": -69061,
            "patrimoineTotal": 136989,
            "reventeNette": 78930,
            "valeurBien": 276020,
          },
          {
            "annee": 6,
            "annuitePlusAssurance": 17454,
            "bilanRevente": -81550,
            "capitalRestant": 182319,
            "cfCumule": -124100,
            "cfNet": -20983,
            "charges": 3886,
            "etfPoche": 65126,
            "impots": 0,
            "loyersEncaisses": 12281,
            "patrimoineNet": -74878,
            "patrimoineTotal": 164347,
            "reventeNette": 92550,
            "valeurBien": 281541,
          },
          {
            "annee": 7,
            "annuitePlusAssurance": 17454,
            "bilanRevente": -88422,
            "capitalRestant": 172296,
            "cfCumule": -145211,
            "cfNet": -21111,
            "charges": 3959,
            "etfPoche": 77923,
            "impots": 0,
            "loyersEncaisses": 12465,
            "patrimoineNet": -80335,
            "patrimoineTotal": 192798,
            "reventeNette": 106788,
            "valeurBien": 287171,
          },
          {
            "annee": 8,
            "annuitePlusAssurance": 17454,
            "bilanRevente": -94786,
            "capitalRestant": 161880,
            "cfCumule": -166452,
            "cfNet": -21241,
            "charges": 4034,
            "etfPoche": 91357,
            "impots": 0,
            "loyersEncaisses": 12652,
            "patrimoineNet": -85417,
            "patrimoineTotal": 222391,
            "reventeNette": 121666,
            "valeurBien": 292915,
          },
          {
            "annee": 9,
            "annuitePlusAssurance": 17454,
            "bilanRevente": -100623,
            "capitalRestant": 151057,
            "cfCumule": -187828,
            "cfNet": -21376,
            "charges": 4110,
            "etfPoche": 105463,
            "impots": 0,
            "loyersEncaisses": 12842,
            "patrimoineNet": -90111,
            "patrimoineTotal": 253179,
            "reventeNette": 137204,
            "valeurBien": 298773,
          },
          {
            "annee": 10,
            "annuitePlusAssurance": 17454,
            "bilanRevente": -105914,
            "capitalRestant": 139809,
            "cfCumule": -209341,
            "cfNet": -21514,
            "charges": 4187,
            "etfPoche": 120277,
            "impots": 0,
            "loyersEncaisses": 13035,
            "patrimoineNet": -94401,
            "patrimoineTotal": 285217,
            "reventeNette": 153427,
            "valeurBien": 304749,
          },
          {
            "annee": 11,
            "annuitePlusAssurance": 17454,
            "bilanRevente": -110639,
            "capitalRestant": 128120,
            "cfCumule": -230996,
            "cfNet": -21655,
            "charges": 4266,
            "etfPoche": 135838,
            "impots": 0,
            "loyersEncaisses": 13230,
            "patrimoineNet": -98273,
            "patrimoineTotal": 318562,
            "reventeNette": 170357,
            "valeurBien": 310844,
          },
          {
            "annee": 12,
            "annuitePlusAssurance": 17454,
            "bilanRevente": -114777,
            "capitalRestant": 115973,
            "cfCumule": -252797,
            "cfNet": -21800,
            "charges": 4347,
            "etfPoche": 152188,
            "impots": 0,
            "loyersEncaisses": 13429,
            "patrimoineNet": -101709,
            "patrimoineTotal": 353275,
            "reventeNette": 188020,
            "valeurBien": 317060,
          },
          {
            "annee": 13,
            "annuitePlusAssurance": 17454,
            "bilanRevente": -118306,
            "capitalRestant": 103350,
            "cfCumule": -274747,
            "cfNet": -21950,
            "charges": 4429,
            "etfPoche": 169370,
            "impots": 0,
            "loyersEncaisses": 13630,
            "patrimoineNet": -104695,
            "patrimoineTotal": 389421,
            "reventeNette": 206440,
            "valeurBien": 323402,
          },
          {
            "annee": 14,
            "annuitePlusAssurance": 17454,
            "bilanRevente": -121205,
            "capitalRestant": 90233,
            "cfCumule": -296849,
            "cfNet": -22103,
            "charges": 4512,
            "etfPoche": 187429,
            "impots": 0,
            "loyersEncaisses": 13834,
            "patrimoineNet": -107212,
            "patrimoineTotal": 427066,
            "reventeNette": 225644,
            "valeurBien": 329870,
          },
          {
            "annee": 15,
            "annuitePlusAssurance": 17454,
            "bilanRevente": -123450,
            "capitalRestant": 76601,
            "cfCumule": -319109,
            "cfNet": -22260,
            "charges": 4597,
            "etfPoche": 206415,
            "impots": 0,
            "loyersEncaisses": 14042,
            "patrimoineNet": -109243,
            "patrimoineTotal": 466281,
            "reventeNette": 245658,
            "valeurBien": 336467,
          },
          {
            "annee": 16,
            "annuitePlusAssurance": 17454,
            "bilanRevente": -125018,
            "capitalRestant": 62436,
            "cfCumule": -341530,
            "cfNet": -22421,
            "charges": 4684,
            "etfPoche": 226379,
            "impots": 0,
            "loyersEncaisses": 14253,
            "patrimoineNet": -110769,
            "patrimoineTotal": 507140,
            "reventeNette": 266512,
            "valeurBien": 343196,
          },
          {
            "annee": 17,
            "annuitePlusAssurance": 17454,
            "bilanRevente": -125883,
            "capitalRestant": 47715,
            "cfCumule": -364116,
            "cfNet": -22586,
            "charges": 4772,
            "etfPoche": 247376,
            "impots": 0,
            "loyersEncaisses": 14466,
            "patrimoineNet": -111770,
            "patrimoineTotal": 549721,
            "reventeNette": 288233,
            "valeurBien": 350060,
          },
          {
            "annee": 18,
            "annuitePlusAssurance": 17454,
            "bilanRevente": -126019,
            "capitalRestant": 32417,
            "cfCumule": -386872,
            "cfNet": -22756,
            "charges": 4863,
            "etfPoche": 269463,
            "impots": 0,
            "loyersEncaisses": 14683,
            "patrimoineNet": -112227,
            "patrimoineTotal": 594107,
            "reventeNette": 310852,
            "valeurBien": 357062,
          },
          {
            "annee": 19,
            "annuitePlusAssurance": 17454,
            "bilanRevente": -125401,
            "capitalRestant": 16520,
            "cfCumule": -409802,
            "cfNet": -22930,
            "charges": 4954,
            "etfPoche": 292700,
            "impots": 0,
            "loyersEncaisses": 14904,
            "patrimoineNet": -112119,
            "patrimoineTotal": 640383,
            "reventeNette": 334401,
            "valeurBien": 364203,
          },
          {
            "annee": 20,
            "annuitePlusAssurance": 17454,
            "bilanRevente": -123999,
            "capitalRestant": 0,
            "cfCumule": -432910,
            "cfNet": -23108,
            "charges": 5048,
            "etfPoche": 317154,
            "impots": 0,
            "loyersEncaisses": 15127,
            "patrimoineNet": -111423,
            "patrimoineTotal": 688641,
            "reventeNette": 358911,
            "valeurBien": 371487,
          },
          {
            "annee": 21,
            "annuitePlusAssurance": 0,
            "bilanRevente": -121500,
            "capitalRestant": 0,
            "cfCumule": -438748,
            "cfNet": -5838,
            "charges": 5143,
            "etfPoche": 360346,
            "impots": 0,
            "loyersEncaisses": 15354,
            "patrimoineNet": -109831,
            "patrimoineTotal": 739262,
            "reventeNette": 367248,
            "valeurBien": 378917,
          },
          {
            "annee": 22,
            "annuitePlusAssurance": 0,
            "bilanRevente": -119393,
            "capitalRestant": 0,
            "cfCumule": -444773,
            "cfNet": -6025,
            "charges": 5241,
            "etfPoche": 405941,
            "impots": 0,
            "loyersEncaisses": 15584,
            "patrimoineNet": -108278,
            "patrimoineTotal": 792436,
            "reventeNette": 375379,
            "valeurBien": 386495,
          },
          {
            "annee": 23,
            "annuitePlusAssurance": 0,
            "bilanRevente": -116394,
            "capitalRestant": 0,
            "cfCumule": -450991,
            "cfNet": -6218,
            "charges": 5340,
            "etfPoche": 454080,
            "impots": 0,
            "loyersEncaisses": 15818,
            "patrimoineNet": -106766,
            "patrimoineTotal": 848304,
            "reventeNette": 384597,
            "valeurBien": 394225,
          },
          {
            "annee": 24,
            "annuitePlusAssurance": 0,
            "bilanRevente": -113196,
            "capitalRestant": 0,
            "cfCumule": -457407,
            "cfNet": -6416,
            "charges": 5441,
            "etfPoche": 504909,
            "impots": 0,
            "loyersEncaisses": 16055,
            "patrimoineNet": -105297,
            "patrimoineTotal": 907018,
            "reventeNette": 394211,
            "valeurBien": 402109,
          },
          {
            "annee": 25,
            "annuitePlusAssurance": 0,
            "bilanRevente": -109794,
            "capitalRestant": 0,
            "cfCumule": -464025,
            "cfNet": -6618,
            "charges": 5544,
            "etfPoche": 558585,
            "impots": 0,
            "loyersEncaisses": 16296,
            "patrimoineNet": -103874,
            "patrimoineTotal": 968736,
            "reventeNette": 404231,
            "valeurBien": 410151,
          },
          {
            "annee": 26,
            "annuitePlusAssurance": 0,
            "bilanRevente": -106184,
            "capitalRestant": 0,
            "cfCumule": -470851,
            "cfNet": -6826,
            "charges": 5648,
            "etfPoche": 615274,
            "impots": 0,
            "loyersEncaisses": 16541,
            "patrimoineNet": -102497,
            "patrimoineTotal": 1033628,
            "reventeNette": 414668,
            "valeurBien": 418355,
          },
          {
            "annee": 27,
            "annuitePlusAssurance": 0,
            "bilanRevente": -102358,
            "capitalRestant": 0,
            "cfCumule": -477891,
            "cfNet": -7039,
            "charges": 5755,
            "etfPoche": 675151,
            "impots": 0,
            "loyersEncaisses": 16789,
            "patrimoineNet": -101169,
            "patrimoineTotal": 1101872,
            "reventeNette": 425533,
            "valeurBien": 426722,
          },
          {
            "annee": 28,
            "annuitePlusAssurance": 0,
            "bilanRevente": -98312,
            "capitalRestant": 0,
            "cfCumule": -485148,
            "cfNet": -7258,
            "charges": 5864,
            "etfPoche": 738402,
            "impots": 0,
            "loyersEncaisses": 17041,
            "patrimoineNet": -99892,
            "patrimoineTotal": 1173658,
            "reventeNette": 436837,
            "valeurBien": 435256,
          },
          {
            "annee": 29,
            "annuitePlusAssurance": 0,
            "bilanRevente": -94038,
            "capitalRestant": 0,
            "cfCumule": -492630,
            "cfNet": -7482,
            "charges": 5975,
            "etfPoche": 805224,
            "impots": 0,
            "loyersEncaisses": 17296,
            "patrimoineNet": -98669,
            "patrimoineTotal": 1249185,
            "reventeNette": 448592,
            "valeurBien": 443961,
          },
          {
            "annee": 30,
            "annuitePlusAssurance": 0,
            "bilanRevente": -89532,
            "capitalRestant": 0,
            "cfCumule": -500342,
            "cfNet": -7712,
            "charges": 6088,
            "etfPoche": 875826,
            "impots": 0,
            "loyersEncaisses": 17556,
            "patrimoineNet": -97502,
            "patrimoineTotal": 1328666,
            "reventeNette": 460810,
            "valeurBien": 452840,
          },
        ],
        "mensualite": 1406,
        "moic": 3.7682,
        "montantEmprunte": 235000,
        "rendementBrut": 4.2105,
        "rendementNet": 2.7579,
        "totalAssurance": 11750,
        "totalInterets": 102332,
        "tri10ans": 1.281,
        "tri15ans": 3.1048,
        "tri20ans": 3.8141,
        "van": 20198,
      },
      "enabled": true,
      "inputs": {
        "amortBien": 2.5,
        "amortTravaux": 10,
        "apport": 50000,
        "assurHab": 300,
        "assurPNO": 200,
        "assurance": 0.25,
        "autoFields": [
          "fraisNotaire",
          "taux",
          "provision",
          "taxeFonciere",
        ],
        "chargesCopro": 800,
        "chargesCoproRP": 1200,
        "collapsed": false,
        "duree": 20,
        "enabled": true,
        "fraisAgence": 0,
        "fraisDossier": 0,
        "fraisGestion": 7,
        "fraisNotaire": 20000,
        "fraisVente": 4,
        "impotPV": 19,
        "label": "Locatif A",
        "loyer": 1000,
        "mode": "loc",
        "prixAchat": 250000,
        "provision": 500,
        "provisionRP": 500,
        "ps": 17.2,
        "psPV": 17.2,
        "revalBien": 2,
        "revalLoyer": 1.5,
        "taux": 3.85,
        "taxeFonciere": 1200,
        "taxeFonciereRP": 1200,
        "tmi": 30,
        "travaux": 15000,
        "vacance": 5,
      },
      "label": "Locatif A",
    },
    "B": {
      "computed": {
        "assuranceMensuelle": 49,
        "breakevenAns": null,
        "cashflowMensuel": -555,
        "coutTotal": 285000,
        "etfPurRef": [
          {
            "annee": 1,
            "capitalEtf": 82800,
          },
          {
            "annee": 2,
            "capitalEtf": 106752,
          },
          {
            "annee": 3,
            "capitalEtf": 131921,
          },
          {
            "annee": 4,
            "capitalEtf": 158375,
          },
          {
            "annee": 5,
            "capitalEtf": 186187,
          },
          {
            "annee": 6,
            "capitalEtf": 215434,
          },
          {
            "annee": 7,
            "capitalEtf": 246198,
          },
          {
            "annee": 8,
            "capitalEtf": 278564,
          },
          {
            "annee": 9,
            "capitalEtf": 312624,
          },
          {
            "annee": 10,
            "capitalEtf": 348474,
          },
          {
            "annee": 11,
            "capitalEtf": 386218,
          },
          {
            "annee": 12,
            "capitalEtf": 425962,
          },
          {
            "annee": 13,
            "capitalEtf": 467823,
          },
          {
            "annee": 14,
            "capitalEtf": 511921,
          },
          {
            "annee": 15,
            "capitalEtf": 558386,
          },
          {
            "annee": 16,
            "capitalEtf": 607354,
          },
          {
            "annee": 17,
            "capitalEtf": 658969,
          },
          {
            "annee": 18,
            "capitalEtf": 713385,
          },
          {
            "annee": 19,
            "capitalEtf": 770763,
          },
          {
            "annee": 20,
            "capitalEtf": 831275,
          },
          {
            "annee": 21,
            "capitalEtf": 895103,
          },
          {
            "annee": 22,
            "capitalEtf": 962440,
          },
          {
            "annee": 23,
            "capitalEtf": 1033490,
          },
          {
            "annee": 24,
            "capitalEtf": 1108469,
          },
          {
            "annee": 25,
            "capitalEtf": 1187606,
          },
          {
            "annee": 26,
            "capitalEtf": 1271144,
          },
          {
            "annee": 27,
            "capitalEtf": 1359340,
          },
          {
            "annee": 28,
            "capitalEtf": 1452466,
          },
          {
            "annee": 29,
            "capitalEtf": 1550811,
          },
          {
            "annee": 30,
            "capitalEtf": 1654680,
          },
        ],
        "flux": [
          {
            "annee": 1,
            "annuitePlusAssurance": 17454,
            "bilanRevente": -38208,
            "capitalRestant": 227041,
            "cfCumule": -20654,
            "cfNet": -20654,
            "charges": 3200,
            "etfPoche": 9346,
            "loyerEconomise": 10800,
            "patrimoineNet": -42696,
            "patrimoineTotal": 37304,
            "reventeNette": 32447,
            "valeurBien": 255000,
          },
          {
            "annee": 2,
            "annuitePlusAssurance": 17454,
            "bilanRevente": -45465,
            "capitalRestant": 218771,
            "cfCumule": -41372,
            "cfNet": -20718,
            "charges": 3264,
            "etfPoche": 19189,
            "loyerEconomise": 11016,
            "patrimoineNet": -50043,
            "patrimoineTotal": 60518,
            "reventeNette": 45907,
            "valeurBien": 260100,
          },
          {
            "annee": 3,
            "annuitePlusAssurance": 17454,
            "bilanRevente": -52361,
            "capitalRestant": 210177,
            "cfCumule": -62156,
            "cfNet": -20783,
            "charges": 3329,
            "etfPoche": 29557,
            "loyerEconomise": 11236,
            "patrimoineNet": -57030,
            "patrimoineTotal": 84682,
            "reventeNette": 59795,
            "valeurBien": 265302,
          },
          {
            "annee": 4,
            "annuitePlusAssurance": 17454,
            "bilanRevente": -58880,
            "capitalRestant": 201245,
            "cfCumule": -83005,
            "cfNet": -20850,
            "charges": 3396,
            "etfPoche": 40480,
            "loyerEconomise": 11461,
            "patrimoineNet": -63643,
            "patrimoineTotal": 109843,
            "reventeNette": 74125,
            "valeurBien": 270608,
          },
          {
            "annee": 5,
            "annuitePlusAssurance": 17454,
            "bilanRevente": -65009,
            "capitalRestant": 191964,
            "cfCumule": -103923,
            "cfNet": -20918,
            "charges": 3464,
            "etfPoche": 51991,
            "loyerEconomise": 11690,
            "patrimoineNet": -69867,
            "patrimoineTotal": 136047,
            "reventeNette": 88914,
            "valeurBien": 276020,
          },
          {
            "annee": 6,
            "annuitePlusAssurance": 17454,
            "bilanRevente": -70734,
            "capitalRestant": 182319,
            "cfCumule": -124910,
            "cfNet": -20987,
            "charges": 3533,
            "etfPoche": 64123,
            "loyerEconomise": 11924,
            "patrimoineNet": -75689,
            "patrimoineTotal": 163345,
            "reventeNette": 104177,
            "valeurBien": 281541,
          },
          {
            "annee": 7,
            "annuitePlusAssurance": 17454,
            "bilanRevente": -76039,
            "capitalRestant": 172296,
            "cfCumule": -145968,
            "cfNet": -21058,
            "charges": 3604,
            "etfPoche": 76913,
            "loyerEconomise": 12163,
            "patrimoineNet": -81093,
            "patrimoineTotal": 191788,
            "reventeNette": 119930,
            "valeurBien": 287171,
          },
          {
            "annee": 8,
            "annuitePlusAssurance": 17454,
            "bilanRevente": -80908,
            "capitalRestant": 161880,
            "cfCumule": -167098,
            "cfNet": -21130,
            "charges": 3676,
            "etfPoche": 90398,
            "loyerEconomise": 12406,
            "patrimoineNet": -86064,
            "patrimoineTotal": 221432,
            "reventeNette": 136190,
            "valeurBien": 292915,
          },
          {
            "annee": 9,
            "annuitePlusAssurance": 17454,
            "bilanRevente": -85327,
            "capitalRestant": 151057,
            "cfCumule": -188302,
            "cfNet": -21203,
            "charges": 3749,
            "etfPoche": 104618,
            "loyerEconomise": 12654,
            "patrimoineNet": -90585,
            "patrimoineTotal": 252335,
            "reventeNette": 152975,
            "valeurBien": 298773,
          },
          {
            "annee": 10,
            "annuitePlusAssurance": 17454,
            "bilanRevente": -89276,
            "capitalRestant": 139809,
            "cfCumule": -209580,
            "cfNet": -21278,
            "charges": 3824,
            "etfPoche": 119617,
            "loyerEconomise": 12907,
            "patrimoineNet": -94640,
            "patrimoineTotal": 284557,
            "reventeNette": 170304,
            "valeurBien": 304749,
          },
          {
            "annee": 11,
            "annuitePlusAssurance": 17454,
            "bilanRevente": -92740,
            "capitalRestant": 128120,
            "cfCumule": -230935,
            "cfNet": -21355,
            "charges": 3901,
            "etfPoche": 135439,
            "loyerEconomise": 13165,
            "patrimoineNet": -98211,
            "patrimoineTotal": 318163,
            "reventeNette": 188195,
            "valeurBien": 310844,
          },
          {
            "annee": 12,
            "annuitePlusAssurance": 17454,
            "bilanRevente": -95700,
            "capitalRestant": 115973,
            "cfCumule": -252368,
            "cfNet": -21433,
            "charges": 3979,
            "etfPoche": 152133,
            "loyerEconomise": 13428,
            "patrimoineNet": -101280,
            "patrimoineTotal": 353220,
            "reventeNette": 206668,
            "valeurBien": 317060,
          },
          {
            "annee": 13,
            "annuitePlusAssurance": 17454,
            "bilanRevente": -98137,
            "capitalRestant": 103350,
            "cfCumule": -273880,
            "cfNet": -21512,
            "charges": 4058,
            "etfPoche": 169748,
            "loyerEconomise": 13697,
            "patrimoineNet": -103829,
            "patrimoineTotal": 389800,
            "reventeNette": 225743,
            "valeurBien": 323402,
          },
          {
            "annee": 14,
            "annuitePlusAssurance": 17454,
            "bilanRevente": -100031,
            "capitalRestant": 90233,
            "cfCumule": -295474,
            "cfNet": -21594,
            "charges": 4140,
            "etfPoche": 188339,
            "loyerEconomise": 13971,
            "patrimoineNet": -105837,
            "patrimoineTotal": 427976,
            "reventeNette": 245443,
            "valeurBien": 329870,
          },
          {
            "annee": 15,
            "annuitePlusAssurance": 17454,
            "bilanRevente": -101362,
            "capitalRestant": 76601,
            "cfCumule": -317150,
            "cfNet": -21676,
            "charges": 4222,
            "etfPoche": 207963,
            "loyerEconomise": 14250,
            "patrimoineNet": -107284,
            "patrimoineTotal": 467829,
            "reventeNette": 265788,
            "valeurBien": 336467,
          },
          {
            "annee": 16,
            "annuitePlusAssurance": 17454,
            "bilanRevente": -102110,
            "capitalRestant": 62436,
            "cfCumule": -338911,
            "cfNet": -21761,
            "charges": 4307,
            "etfPoche": 228680,
            "loyerEconomise": 14535,
            "patrimoineNet": -108150,
            "patrimoineTotal": 509441,
            "reventeNette": 286801,
            "valeurBien": 343196,
          },
          {
            "annee": 17,
            "annuitePlusAssurance": 17454,
            "bilanRevente": -102251,
            "capitalRestant": 47715,
            "cfCumule": -360758,
            "cfNet": -21847,
            "charges": 4393,
            "etfPoche": 250554,
            "loyerEconomise": 14826,
            "patrimoineNet": -108412,
            "patrimoineTotal": 552900,
            "reventeNette": 308507,
            "valeurBien": 350060,
          },
          {
            "annee": 18,
            "annuitePlusAssurance": 17454,
            "bilanRevente": -101764,
            "capitalRestant": 32417,
            "cfCumule": -382693,
            "cfNet": -21935,
            "charges": 4481,
            "etfPoche": 273652,
            "loyerEconomise": 15123,
            "patrimoineNet": -108048,
            "patrimoineTotal": 598297,
            "reventeNette": 330929,
            "valeurBien": 357062,
          },
          {
            "annee": 19,
            "annuitePlusAssurance": 17454,
            "bilanRevente": -100625,
            "capitalRestant": 16520,
            "cfCumule": -404717,
            "cfNet": -22024,
            "charges": 4570,
            "etfPoche": 298047,
            "loyerEconomise": 15425,
            "patrimoineNet": -107035,
            "patrimoineTotal": 645730,
            "reventeNette": 354093,
            "valeurBien": 364203,
          },
          {
            "annee": 20,
            "annuitePlusAssurance": 17454,
            "bilanRevente": -98808,
            "capitalRestant": 0,
            "cfCumule": -426833,
            "cfNet": -22116,
            "charges": 4662,
            "etfPoche": 323814,
            "loyerEconomise": 15734,
            "patrimoineNet": -105346,
            "patrimoineTotal": 695301,
            "reventeNette": 378025,
            "valeurBien": 371487,
          },
          {
            "annee": 21,
            "annuitePlusAssurance": 0,
            "bilanRevente": -96003,
            "capitalRestant": 0,
            "cfCumule": -431588,
            "cfNet": -4755,
            "charges": 4755,
            "etfPoche": 368488,
            "loyerEconomise": 16048,
            "patrimoineNet": -102672,
            "patrimoineTotal": 747405,
            "reventeNette": 385586,
            "valeurBien": 378917,
          },
          {
            "annee": 22,
            "annuitePlusAssurance": 0,
            "bilanRevente": -93141,
            "capitalRestant": 0,
            "cfCumule": -436438,
            "cfNet": -4850,
            "charges": 4850,
            "etfPoche": 415747,
            "loyerEconomise": 16369,
            "patrimoineNet": -99943,
            "patrimoineTotal": 802242,
            "reventeNette": 393297,
            "valeurBien": 386495,
          },
          {
            "annee": 23,
            "annuitePlusAssurance": 0,
            "bilanRevente": -90222,
            "capitalRestant": 0,
            "cfCumule": -441385,
            "cfNet": -4947,
            "charges": 4947,
            "etfPoche": 465745,
            "loyerEconomise": 16697,
            "patrimoineNet": -97161,
            "patrimoineTotal": 859970,
            "reventeNette": 401163,
            "valeurBien": 394225,
          },
          {
            "annee": 24,
            "annuitePlusAssurance": 0,
            "bilanRevente": -87245,
            "capitalRestant": 0,
            "cfCumule": -446432,
            "cfNet": -5046,
            "charges": 5046,
            "etfPoche": 518643,
            "loyerEconomise": 17031,
            "patrimoineNet": -94322,
            "patrimoineTotal": 920753,
            "reventeNette": 409186,
            "valeurBien": 402109,
          },
          {
            "annee": 25,
            "annuitePlusAssurance": 0,
            "bilanRevente": -84208,
            "capitalRestant": 0,
            "cfCumule": -451579,
            "cfNet": -5147,
            "charges": 5147,
            "etfPoche": 574615,
            "loyerEconomise": 17371,
            "patrimoineNet": -91427,
            "patrimoineTotal": 984766,
            "reventeNette": 417370,
            "valeurBien": 410151,
          },
          {
            "annee": 26,
            "annuitePlusAssurance": 0,
            "bilanRevente": -81111,
            "capitalRestant": 0,
            "cfCumule": -456828,
            "cfNet": -5250,
            "charges": 5250,
            "etfPoche": 633842,
            "loyerEconomise": 17719,
            "patrimoineNet": -88474,
            "patrimoineTotal": 1052196,
            "reventeNette": 425718,
            "valeurBien": 418355,
          },
          {
            "annee": 27,
            "annuitePlusAssurance": 0,
            "bilanRevente": -77951,
            "capitalRestant": 0,
            "cfCumule": -462183,
            "cfNet": -5355,
            "charges": 5355,
            "etfPoche": 696518,
            "loyerEconomise": 18073,
            "patrimoineNet": -85462,
            "patrimoineTotal": 1123239,
            "reventeNette": 434232,
            "valeurBien": 426722,
          },
          {
            "annee": 28,
            "annuitePlusAssurance": 0,
            "bilanRevente": -74729,
            "capitalRestant": 0,
            "cfCumule": -467645,
            "cfNet": -5462,
            "charges": 5462,
            "etfPoche": 762847,
            "loyerEconomise": 18434,
            "patrimoineNet": -82389,
            "patrimoineTotal": 1198103,
            "reventeNette": 442917,
            "valeurBien": 435256,
          },
          {
            "annee": 29,
            "annuitePlusAssurance": 0,
            "bilanRevente": -71442,
            "capitalRestant": 0,
            "cfCumule": -473217,
            "cfNet": -5571,
            "charges": 5571,
            "etfPoche": 833046,
            "loyerEconomise": 18803,
            "patrimoineNet": -79256,
            "patrimoineTotal": 1277007,
            "reventeNette": 451775,
            "valeurBien": 443961,
          },
          {
            "annee": 30,
            "annuitePlusAssurance": 0,
            "bilanRevente": -68089,
            "capitalRestant": 0,
            "cfCumule": -478899,
            "cfNet": -5683,
            "charges": 5683,
            "etfPoche": 907346,
            "loyerEconomise": 19179,
            "patrimoineNet": -76059,
            "patrimoineTotal": 1360187,
            "reventeNette": 460810,
            "valeurBien": 452840,
          },
        ],
        "mensualite": 1406,
        "moic": 4.2721,
        "montantEmprunte": 235000,
        "rendementBrut": null,
        "rendementNet": null,
        "totalAssurance": 11750,
        "totalInterets": 102332,
        "tri10ans": 2.8215,
        "tri15ans": 3.9691,
        "tri20ans": 4.333,
        "van": 34354,
      },
      "enabled": true,
      "inputs": {
        "amortBien": 2.5,
        "amortTravaux": 10,
        "apport": 50000,
        "assurHab": 300,
        "assurPNO": 200,
        "assurance": 0.25,
        "autoFields": [
          "fraisNotaire",
          "taux",
          "provisionRP",
          "taxeFonciereRP",
        ],
        "chargesCopro": 800,
        "chargesCoproRP": 1200,
        "collapsed": false,
        "duree": 20,
        "enabled": true,
        "fraisAgence": 0,
        "fraisDossier": 0,
        "fraisGestion": 7,
        "fraisNotaire": 20000,
        "fraisVente": 4,
        "impotPV": 19,
        "label": "RP B",
        "loyer": 1000,
        "mode": "rp",
        "prixAchat": 250000,
        "provision": 500,
        "provisionRP": 500,
        "ps": 17.2,
        "psPV": 17.2,
        "revalBien": 2,
        "revalLoyer": 1.5,
        "taux": 3.85,
        "taxeFonciere": 1200,
        "taxeFonciereRP": 1200,
        "tmi": 30,
        "travaux": 15000,
        "vacance": 5,
      },
      "label": "RP B",
    },
    "C": {
      "computed": {
        "assuranceMensuelle": 49,
        "breakevenAns": null,
        "cashflowMensuel": -1355,
        "coutTotal": 285000,
        "etfPurRef": [
          {
            "annee": 1,
            "capitalEtf": 82800,
          },
          {
            "annee": 2,
            "capitalEtf": 106752,
          },
          {
            "annee": 3,
            "capitalEtf": 131921,
          },
          {
            "annee": 4,
            "capitalEtf": 158375,
          },
          {
            "annee": 5,
            "capitalEtf": 186187,
          },
          {
            "annee": 6,
            "capitalEtf": 215434,
          },
          {
            "annee": 7,
            "capitalEtf": 246198,
          },
          {
            "annee": 8,
            "capitalEtf": 278564,
          },
          {
            "annee": 9,
            "capitalEtf": 312624,
          },
          {
            "annee": 10,
            "capitalEtf": 348474,
          },
          {
            "annee": 11,
            "capitalEtf": 386218,
          },
          {
            "annee": 12,
            "capitalEtf": 425962,
          },
          {
            "annee": 13,
            "capitalEtf": 467823,
          },
          {
            "annee": 14,
            "capitalEtf": 511921,
          },
          {
            "annee": 15,
            "capitalEtf": 558386,
          },
          {
            "annee": 16,
            "capitalEtf": 607354,
          },
          {
            "annee": 17,
            "capitalEtf": 658969,
          },
          {
            "annee": 18,
            "capitalEtf": 713385,
          },
          {
            "annee": 19,
            "capitalEtf": 770763,
          },
          {
            "annee": 20,
            "capitalEtf": 831275,
          },
          {
            "annee": 21,
            "capitalEtf": 895103,
          },
          {
            "annee": 22,
            "capitalEtf": 962440,
          },
          {
            "annee": 23,
            "capitalEtf": 1033490,
          },
          {
            "annee": 24,
            "capitalEtf": 1108469,
          },
          {
            "annee": 25,
            "capitalEtf": 1187606,
          },
          {
            "annee": 26,
            "capitalEtf": 1271144,
          },
          {
            "annee": 27,
            "capitalEtf": 1359340,
          },
          {
            "annee": 28,
            "capitalEtf": 1452466,
          },
          {
            "annee": 29,
            "capitalEtf": 1550811,
          },
          {
            "annee": 30,
            "capitalEtf": 1654680,
          },
        ],
        "flux": [
          {
            "annee": 1,
            "annuitePlusAssurance": 17454,
            "bilanRevente": -39866,
            "capitalRestant": 227041,
            "cfCumule": -20394,
            "cfNet": -20394,
            "charges": 3540,
            "etfPoche": 9606,
            "impots": 0,
            "loyersEncaisses": 11400,
            "patrimoineNet": -42436,
            "patrimoineTotal": 37564,
            "reventeNette": 30528,
            "valeurBien": 255000,
          },
          {
            "annee": 2,
            "annuitePlusAssurance": 17454,
            "bilanRevente": -48869,
            "capitalRestant": 218771,
            "cfCumule": -40900,
            "cfNet": -20506,
            "charges": 3607,
            "etfPoche": 19677,
            "impots": 0,
            "loyersEncaisses": 11571,
            "patrimoineNet": -49571,
            "patrimoineTotal": 61006,
            "reventeNette": 42031,
            "valeurBien": 260100,
          },
          {
            "annee": 3,
            "annuitePlusAssurance": 17454,
            "bilanRevente": -57597,
            "capitalRestant": 210177,
            "cfCumule": -61520,
            "cfNet": -20620,
            "charges": 3674,
            "etfPoche": 30237,
            "impots": 0,
            "loyersEncaisses": 11745,
            "patrimoineNet": -56395,
            "patrimoineTotal": 85362,
            "reventeNette": 53923,
            "valeurBien": 265302,
          },
          {
            "annee": 4,
            "annuitePlusAssurance": 17454,
            "bilanRevente": -66040,
            "capitalRestant": 201245,
            "cfCumule": -82258,
            "cfNet": -20738,
            "charges": 3744,
            "etfPoche": 41313,
            "impots": 0,
            "loyersEncaisses": 11921,
            "patrimoineNet": -62895,
            "patrimoineTotal": 110676,
            "reventeNette": 66218,
            "valeurBien": 270608,
          },
          {
            "annee": 5,
            "annuitePlusAssurance": 17454,
            "bilanRevente": -74187,
            "capitalRestant": 191964,
            "cfCumule": -103117,
            "cfNet": -20859,
            "charges": 3814,
            "etfPoche": 52933,
            "impots": 0,
            "loyersEncaisses": 12100,
            "patrimoineNet": -69061,
            "patrimoineTotal": 136989,
            "reventeNette": 78930,
            "valeurBien": 276020,
          },
          {
            "annee": 6,
            "annuitePlusAssurance": 17454,
            "bilanRevente": -81550,
            "capitalRestant": 182319,
            "cfCumule": -124100,
            "cfNet": -20983,
            "charges": 3886,
            "etfPoche": 65126,
            "impots": 0,
            "loyersEncaisses": 12281,
            "patrimoineNet": -74878,
            "patrimoineTotal": 164347,
            "reventeNette": 92550,
            "valeurBien": 281541,
          },
          {
            "annee": 7,
            "annuitePlusAssurance": 17454,
            "bilanRevente": -88422,
            "capitalRestant": 172296,
            "cfCumule": -145211,
            "cfNet": -21111,
            "charges": 3959,
            "etfPoche": 77923,
            "impots": 0,
            "loyersEncaisses": 12465,
            "patrimoineNet": -80335,
            "patrimoineTotal": 192798,
            "reventeNette": 106788,
            "valeurBien": 287171,
          },
          {
            "annee": 8,
            "annuitePlusAssurance": 17454,
            "bilanRevente": -94786,
            "capitalRestant": 161880,
            "cfCumule": -166452,
            "cfNet": -21241,
            "charges": 4034,
            "etfPoche": 91357,
            "impots": 0,
            "loyersEncaisses": 12652,
            "patrimoineNet": -85417,
            "patrimoineTotal": 222391,
            "reventeNette": 121666,
            "valeurBien": 292915,
          },
          {
            "annee": 9,
            "annuitePlusAssurance": 17454,
            "bilanRevente": -100623,
            "capitalRestant": 151057,
            "cfCumule": -187828,
            "cfNet": -21376,
            "charges": 4110,
            "etfPoche": 105463,
            "impots": 0,
            "loyersEncaisses": 12842,
            "patrimoineNet": -90111,
            "patrimoineTotal": 253179,
            "reventeNette": 137204,
            "valeurBien": 298773,
          },
          {
            "annee": 10,
            "annuitePlusAssurance": 17454,
            "bilanRevente": -105914,
            "capitalRestant": 139809,
            "cfCumule": -209341,
            "cfNet": -21514,
            "charges": 4187,
            "etfPoche": 120277,
            "impots": 0,
            "loyersEncaisses": 13035,
            "patrimoineNet": -94401,
            "patrimoineTotal": 285217,
            "reventeNette": 153427,
            "valeurBien": 304749,
          },
          {
            "annee": 11,
            "annuitePlusAssurance": 17454,
            "bilanRevente": -110639,
            "capitalRestant": 128120,
            "cfCumule": -230996,
            "cfNet": -21655,
            "charges": 4266,
            "etfPoche": 135838,
            "impots": 0,
            "loyersEncaisses": 13230,
            "patrimoineNet": -98273,
            "patrimoineTotal": 318562,
            "reventeNette": 170357,
            "valeurBien": 310844,
          },
          {
            "annee": 12,
            "annuitePlusAssurance": 17454,
            "bilanRevente": -114777,
            "capitalRestant": 115973,
            "cfCumule": -252797,
            "cfNet": -21800,
            "charges": 4347,
            "etfPoche": 152188,
            "impots": 0,
            "loyersEncaisses": 13429,
            "patrimoineNet": -101709,
            "patrimoineTotal": 353275,
            "reventeNette": 188020,
            "valeurBien": 317060,
          },
          {
            "annee": 13,
            "annuitePlusAssurance": 17454,
            "bilanRevente": -118306,
            "capitalRestant": 103350,
            "cfCumule": -274747,
            "cfNet": -21950,
            "charges": 4429,
            "etfPoche": 169370,
            "impots": 0,
            "loyersEncaisses": 13630,
            "patrimoineNet": -104695,
            "patrimoineTotal": 389421,
            "reventeNette": 206440,
            "valeurBien": 323402,
          },
          {
            "annee": 14,
            "annuitePlusAssurance": 17454,
            "bilanRevente": -121205,
            "capitalRestant": 90233,
            "cfCumule": -296849,
            "cfNet": -22103,
            "charges": 4512,
            "etfPoche": 187429,
            "impots": 0,
            "loyersEncaisses": 13834,
            "patrimoineNet": -107212,
            "patrimoineTotal": 427066,
            "reventeNette": 225644,
            "valeurBien": 329870,
          },
          {
            "annee": 15,
            "annuitePlusAssurance": 17454,
            "bilanRevente": -123450,
            "capitalRestant": 76601,
            "cfCumule": -319109,
            "cfNet": -22260,
            "charges": 4597,
            "etfPoche": 206415,
            "impots": 0,
            "loyersEncaisses": 14042,
            "patrimoineNet": -109243,
            "patrimoineTotal": 466281,
            "reventeNette": 245658,
            "valeurBien": 336467,
          },
          {
            "annee": 16,
            "annuitePlusAssurance": 17454,
            "bilanRevente": -125018,
            "capitalRestant": 62436,
            "cfCumule": -341530,
            "cfNet": -22421,
            "charges": 4684,
            "etfPoche": 226379,
            "impots": 0,
            "loyersEncaisses": 14253,
            "patrimoineNet": -110769,
            "patrimoineTotal": 507140,
            "reventeNette": 266512,
            "valeurBien": 343196,
          },
          {
            "annee": 17,
            "annuitePlusAssurance": 17454,
            "bilanRevente": -125883,
            "capitalRestant": 47715,
            "cfCumule": -364116,
            "cfNet": -22586,
            "charges": 4772,
            "etfPoche": 247376,
            "impots": 0,
            "loyersEncaisses": 14466,
            "patrimoineNet": -111770,
            "patrimoineTotal": 549721,
            "reventeNette": 288233,
            "valeurBien": 350060,
          },
          {
            "annee": 18,
            "annuitePlusAssurance": 17454,
            "bilanRevente": -126019,
            "capitalRestant": 32417,
            "cfCumule": -386872,
            "cfNet": -22756,
            "charges": 4863,
            "etfPoche": 269463,
            "impots": 0,
            "loyersEncaisses": 14683,
            "patrimoineNet": -112227,
            "patrimoineTotal": 594107,
            "reventeNette": 310852,
            "valeurBien": 357062,
          },
          {
            "annee": 19,
            "annuitePlusAssurance": 17454,
            "bilanRevente": -125401,
            "capitalRestant": 16520,
            "cfCumule": -409802,
            "cfNet": -22930,
            "charges": 4954,
            "etfPoche": 292700,
            "impots": 0,
            "loyersEncaisses": 14904,
            "patrimoineNet": -112119,
            "patrimoineTotal": 640383,
            "reventeNette": 334401,
            "valeurBien": 364203,
          },
          {
            "annee": 20,
            "annuitePlusAssurance": 17454,
            "bilanRevente": -123999,
            "capitalRestant": 0,
            "cfCumule": -432910,
            "cfNet": -23108,
            "charges": 5048,
            "etfPoche": 317154,
            "impots": 0,
            "loyersEncaisses": 15127,
            "patrimoineNet": -111423,
            "patrimoineTotal": 688641,
            "reventeNette": 358911,
            "valeurBien": 371487,
          },
          {
            "annee": 21,
            "annuitePlusAssurance": 0,
            "bilanRevente": -121500,
            "capitalRestant": 0,
            "cfCumule": -438748,
            "cfNet": -5838,
            "charges": 5143,
            "etfPoche": 360346,
            "impots": 0,
            "loyersEncaisses": 15354,
            "patrimoineNet": -109831,
            "patrimoineTotal": 739262,
            "reventeNette": 367248,
            "valeurBien": 378917,
          },
          {
            "annee": 22,
            "annuitePlusAssurance": 0,
            "bilanRevente": -119393,
            "capitalRestant": 0,
            "cfCumule": -444773,
            "cfNet": -6025,
            "charges": 5241,
            "etfPoche": 405941,
            "impots": 0,
            "loyersEncaisses": 15584,
            "patrimoineNet": -108278,
            "patrimoineTotal": 792436,
            "reventeNette": 375379,
            "valeurBien": 386495,
          },
          {
            "annee": 23,
            "annuitePlusAssurance": 0,
            "bilanRevente": -116394,
            "capitalRestant": 0,
            "cfCumule": -450991,
            "cfNet": -6218,
            "charges": 5340,
            "etfPoche": 454080,
            "impots": 0,
            "loyersEncaisses": 15818,
            "patrimoineNet": -106766,
            "patrimoineTotal": 848304,
            "reventeNette": 384597,
            "valeurBien": 394225,
          },
          {
            "annee": 24,
            "annuitePlusAssurance": 0,
            "bilanRevente": -113196,
            "capitalRestant": 0,
            "cfCumule": -457407,
            "cfNet": -6416,
            "charges": 5441,
            "etfPoche": 504909,
            "impots": 0,
            "loyersEncaisses": 16055,
            "patrimoineNet": -105297,
            "patrimoineTotal": 907018,
            "reventeNette": 394211,
            "valeurBien": 402109,
          },
          {
            "annee": 25,
            "annuitePlusAssurance": 0,
            "bilanRevente": -109794,
            "capitalRestant": 0,
            "cfCumule": -464025,
            "cfNet": -6618,
            "charges": 5544,
            "etfPoche": 558585,
            "impots": 0,
            "loyersEncaisses": 16296,
            "patrimoineNet": -103874,
            "patrimoineTotal": 968736,
            "reventeNette": 404231,
            "valeurBien": 410151,
          },
          {
            "annee": 26,
            "annuitePlusAssurance": 0,
            "bilanRevente": -106184,
            "capitalRestant": 0,
            "cfCumule": -470851,
            "cfNet": -6826,
            "charges": 5648,
            "etfPoche": 615274,
            "impots": 0,
            "loyersEncaisses": 16541,
            "patrimoineNet": -102497,
            "patrimoineTotal": 1033628,
            "reventeNette": 414668,
            "valeurBien": 418355,
          },
          {
            "annee": 27,
            "annuitePlusAssurance": 0,
            "bilanRevente": -102358,
            "capitalRestant": 0,
            "cfCumule": -477891,
            "cfNet": -7039,
            "charges": 5755,
            "etfPoche": 675151,
            "impots": 0,
            "loyersEncaisses": 16789,
            "patrimoineNet": -101169,
            "patrimoineTotal": 1101872,
            "reventeNette": 425533,
            "valeurBien": 426722,
          },
          {
            "annee": 28,
            "annuitePlusAssurance": 0,
            "bilanRevente": -98312,
            "capitalRestant": 0,
            "cfCumule": -485148,
            "cfNet": -7258,
            "charges": 5864,
            "etfPoche": 738402,
            "impots": 0,
            "loyersEncaisses": 17041,
            "patrimoineNet": -99892,
            "patrimoineTotal": 1173658,
            "reventeNette": 436837,
            "valeurBien": 435256,
          },
          {
            "annee": 29,
            "annuitePlusAssurance": 0,
            "bilanRevente": -94038,
            "capitalRestant": 0,
            "cfCumule": -492630,
            "cfNet": -7482,
            "charges": 5975,
            "etfPoche": 805224,
            "impots": 0,
            "loyersEncaisses": 17296,
            "patrimoineNet": -98669,
            "patrimoineTotal": 1249185,
            "reventeNette": 448592,
            "valeurBien": 443961,
          },
          {
            "annee": 30,
            "annuitePlusAssurance": 0,
            "bilanRevente": -89532,
            "capitalRestant": 0,
            "cfCumule": -500342,
            "cfNet": -7712,
            "charges": 6088,
            "etfPoche": 875826,
            "impots": 0,
            "loyersEncaisses": 17556,
            "patrimoineNet": -97502,
            "patrimoineTotal": 1328666,
            "reventeNette": 460810,
            "valeurBien": 452840,
          },
        ],
        "mensualite": 1406,
        "moic": 3.7682,
        "montantEmprunte": 235000,
        "rendementBrut": 4.2105,
        "rendementNet": 2.7579,
        "totalAssurance": 11750,
        "totalInterets": 102332,
        "tri10ans": 1.281,
        "tri15ans": 3.1048,
        "tri20ans": 3.8141,
        "van": 20198,
      },
      "enabled": false,
      "inputs": {
        "amortBien": 2.5,
        "amortTravaux": 10,
        "apport": 50000,
        "assurHab": 300,
        "assurPNO": 200,
        "assurance": 0.25,
        "autoFields": [
          "fraisNotaire",
          "taux",
          "provision",
          "taxeFonciere",
        ],
        "chargesCopro": 800,
        "chargesCoproRP": 1200,
        "collapsed": false,
        "duree": 20,
        "enabled": false,
        "fraisAgence": 0,
        "fraisDossier": 0,
        "fraisGestion": 7,
        "fraisNotaire": 20000,
        "fraisVente": 4,
        "impotPV": 19,
        "label": "Locatif C",
        "loyer": 1000,
        "mode": "loc",
        "prixAchat": 250000,
        "provision": 500,
        "provisionRP": 500,
        "ps": 17.2,
        "psPV": 17.2,
        "revalBien": 2,
        "revalLoyer": 1.5,
        "taux": 3.85,
        "taxeFonciere": 1200,
        "taxeFonciereRP": 1200,
        "tmi": 30,
        "travaux": 15000,
        "vacance": 5,
      },
      "label": "Locatif C",
    },
  },
}
`;
