// Vitest Snapshot v1, https://vitest.dev/guide/snapshot.html

exports[`buildExportData() > produces a stable export structure (golden-master) 1`] = `
{
  "global": {
    "altReturn": 6,
    "budgetGrowth": 0,
    "chargesGrowth": 2,
    "discountRate": 3,
    "etfDownPayment": 60000,
    "horizon": 20,
    "inflation": 2,
    "investSurplus": true,
    "monthlyBudget": 2500,
    "personalRent": 900,
    "personalRentGrowth": 2,
    "regime": "lmnp",
  },
  "simulations": {
    "A": {
      "computed": {
        "breakEvenYears": null,
        "etfReference": [
          {
            "etfCapital": 82800,
            "year": 1,
          },
          {
            "etfCapital": 106752,
            "year": 2,
          },
          {
            "etfCapital": 131921,
            "year": 3,
          },
          {
            "etfCapital": 158375,
            "year": 4,
          },
          {
            "etfCapital": 186187,
            "year": 5,
          },
          {
            "etfCapital": 215434,
            "year": 6,
          },
          {
            "etfCapital": 246198,
            "year": 7,
          },
          {
            "etfCapital": 278564,
            "year": 8,
          },
          {
            "etfCapital": 312624,
            "year": 9,
          },
          {
            "etfCapital": 348474,
            "year": 10,
          },
          {
            "etfCapital": 386218,
            "year": 11,
          },
          {
            "etfCapital": 425962,
            "year": 12,
          },
          {
            "etfCapital": 467823,
            "year": 13,
          },
          {
            "etfCapital": 511921,
            "year": 14,
          },
          {
            "etfCapital": 558386,
            "year": 15,
          },
          {
            "etfCapital": 607354,
            "year": 16,
          },
          {
            "etfCapital": 658969,
            "year": 17,
          },
          {
            "etfCapital": 713385,
            "year": 18,
          },
          {
            "etfCapital": 770763,
            "year": 19,
          },
          {
            "etfCapital": 831275,
            "year": 20,
          },
          {
            "etfCapital": 895103,
            "year": 21,
          },
          {
            "etfCapital": 962440,
            "year": 22,
          },
          {
            "etfCapital": 1033490,
            "year": 23,
          },
          {
            "etfCapital": 1108469,
            "year": 24,
          },
          {
            "etfCapital": 1187606,
            "year": 25,
          },
          {
            "etfCapital": 1271144,
            "year": 26,
          },
          {
            "etfCapital": 1359340,
            "year": 27,
          },
          {
            "etfCapital": 1452466,
            "year": 28,
          },
          {
            "etfCapital": 1550811,
            "year": 29,
          },
          {
            "etfCapital": 1654680,
            "year": 30,
          },
        ],
        "flows": [
          {
            "annuityPlusInsurance": 17454,
            "charges": 3540,
            "cumulativeCashFlow": -20394,
            "etfPocket": 9606,
            "netCashFlow": -20394,
            "netResale": 30528,
            "netWorth": -42436,
            "propertyValue": 255000,
            "remainingCapital": 227041,
            "rentReceived": 11400,
            "resaleBalance": -39866,
            "tax": 0,
            "totalWorth": 37564,
            "year": 1,
          },
          {
            "annuityPlusInsurance": 17454,
            "charges": 3607,
            "cumulativeCashFlow": -40900,
            "etfPocket": 19677,
            "netCashFlow": -20506,
            "netResale": 42031,
            "netWorth": -49571,
            "propertyValue": 260100,
            "remainingCapital": 218771,
            "rentReceived": 11571,
            "resaleBalance": -48869,
            "tax": 0,
            "totalWorth": 61006,
            "year": 2,
          },
          {
            "annuityPlusInsurance": 17454,
            "charges": 3674,
            "cumulativeCashFlow": -61520,
            "etfPocket": 30237,
            "netCashFlow": -20620,
            "netResale": 53923,
            "netWorth": -56395,
            "propertyValue": 265302,
            "remainingCapital": 210177,
            "rentReceived": 11745,
            "resaleBalance": -57597,
            "tax": 0,
            "totalWorth": 85362,
            "year": 3,
          },
          {
            "annuityPlusInsurance": 17454,
            "charges": 3744,
            "cumulativeCashFlow": -82258,
            "etfPocket": 41313,
            "netCashFlow": -20738,
            "netResale": 66218,
            "netWorth": -62895,
            "propertyValue": 270608,
            "remainingCapital": 201245,
            "rentReceived": 11921,
            "resaleBalance": -66040,
            "tax": 0,
            "totalWorth": 110676,
            "year": 4,
          },
          {
            "annuityPlusInsurance": 17454,
            "charges": 3814,
            "cumulativeCashFlow": -103117,
            "etfPocket": 52933,
            "netCashFlow": -20859,
            "netResale": 78930,
            "netWorth": -69061,
            "propertyValue": 276020,
            "remainingCapital": 191964,
            "rentReceived": 12100,
            "resaleBalance": -74187,
            "tax": 0,
            "totalWorth": 136989,
            "year": 5,
          },
          {
            "annuityPlusInsurance": 17454,
            "charges": 3886,
            "cumulativeCashFlow": -124100,
            "etfPocket": 65126,
            "netCashFlow": -20983,
            "netResale": 92550,
            "netWorth": -74878,
            "propertyValue": 281541,
            "remainingCapital": 182319,
            "rentReceived": 12281,
            "resaleBalance": -81550,
            "tax": 0,
            "totalWorth": 164347,
            "year": 6,
          },
          {
            "annuityPlusInsurance": 17454,
            "charges": 3959,
            "cumulativeCashFlow": -145211,
            "etfPocket": 77923,
            "netCashFlow": -21111,
            "netResale": 106788,
            "netWorth": -80335,
            "propertyValue": 287171,
            "remainingCapital": 172296,
            "rentReceived": 12465,
            "resaleBalance": -88422,
            "tax": 0,
            "totalWorth": 192798,
            "year": 7,
          },
          {
            "annuityPlusInsurance": 17454,
            "charges": 4034,
            "cumulativeCashFlow": -166452,
            "etfPocket": 91357,
            "netCashFlow": -21241,
            "netResale": 121666,
            "netWorth": -85417,
            "propertyValue": 292915,
            "remainingCapital": 161880,
            "rentReceived": 12652,
            "resaleBalance": -94786,
            "tax": 0,
            "totalWorth": 222391,
            "year": 8,
          },
          {
            "annuityPlusInsurance": 17454,
            "charges": 4110,
            "cumulativeCashFlow": -187828,
            "etfPocket": 105463,
            "netCashFlow": -21376,
            "netResale": 137204,
            "netWorth": -90111,
            "propertyValue": 298773,
            "remainingCapital": 151057,
            "rentReceived": 12842,
            "resaleBalance": -100623,
            "tax": 0,
            "totalWorth": 253179,
            "year": 9,
          },
          {
            "annuityPlusInsurance": 17454,
            "charges": 4187,
            "cumulativeCashFlow": -209341,
            "etfPocket": 120277,
            "netCashFlow": -21514,
            "netResale": 153427,
            "netWorth": -94401,
            "propertyValue": 304749,
            "remainingCapital": 139809,
            "rentReceived": 13035,
            "resaleBalance": -105914,
            "tax": 0,
            "totalWorth": 285217,
            "year": 10,
          },
          {
            "annuityPlusInsurance": 17454,
            "charges": 4266,
            "cumulativeCashFlow": -230996,
            "etfPocket": 135838,
            "netCashFlow": -21655,
            "netResale": 170357,
            "netWorth": -98273,
            "propertyValue": 310844,
            "remainingCapital": 128120,
            "rentReceived": 13230,
            "resaleBalance": -110639,
            "tax": 0,
            "totalWorth": 318562,
            "year": 11,
          },
          {
            "annuityPlusInsurance": 17454,
            "charges": 4347,
            "cumulativeCashFlow": -252797,
            "etfPocket": 152188,
            "netCashFlow": -21800,
            "netResale": 188020,
            "netWorth": -101709,
            "propertyValue": 317060,
            "remainingCapital": 115973,
            "rentReceived": 13429,
            "resaleBalance": -114777,
            "tax": 0,
            "totalWorth": 353275,
            "year": 12,
          },
          {
            "annuityPlusInsurance": 17454,
            "charges": 4429,
            "cumulativeCashFlow": -274747,
            "etfPocket": 169370,
            "netCashFlow": -21950,
            "netResale": 206440,
            "netWorth": -104695,
            "propertyValue": 323402,
            "remainingCapital": 103350,
            "rentReceived": 13630,
            "resaleBalance": -118306,
            "tax": 0,
            "totalWorth": 389421,
            "year": 13,
          },
          {
            "annuityPlusInsurance": 17454,
            "charges": 4512,
            "cumulativeCashFlow": -296849,
            "etfPocket": 187429,
            "netCashFlow": -22103,
            "netResale": 225644,
            "netWorth": -107212,
            "propertyValue": 329870,
            "remainingCapital": 90233,
            "rentReceived": 13834,
            "resaleBalance": -121205,
            "tax": 0,
            "totalWorth": 427066,
            "year": 14,
          },
          {
            "annuityPlusInsurance": 17454,
            "charges": 4597,
            "cumulativeCashFlow": -319109,
            "etfPocket": 206415,
            "netCashFlow": -22260,
            "netResale": 245658,
            "netWorth": -109243,
            "propertyValue": 336467,
            "remainingCapital": 76601,
            "rentReceived": 14042,
            "resaleBalance": -123450,
            "tax": 0,
            "totalWorth": 466281,
            "year": 15,
          },
          {
            "annuityPlusInsurance": 17454,
            "charges": 4684,
            "cumulativeCashFlow": -341530,
            "etfPocket": 226379,
            "netCashFlow": -22421,
            "netResale": 266512,
            "netWorth": -110769,
            "propertyValue": 343196,
            "remainingCapital": 62436,
            "rentReceived": 14253,
            "resaleBalance": -125018,
            "tax": 0,
            "totalWorth": 507140,
            "year": 16,
          },
          {
            "annuityPlusInsurance": 17454,
            "charges": 4772,
            "cumulativeCashFlow": -364116,
            "etfPocket": 247376,
            "netCashFlow": -22586,
            "netResale": 288233,
            "netWorth": -111770,
            "propertyValue": 350060,
            "remainingCapital": 47715,
            "rentReceived": 14466,
            "resaleBalance": -125883,
            "tax": 0,
            "totalWorth": 549721,
            "year": 17,
          },
          {
            "annuityPlusInsurance": 17454,
            "charges": 4863,
            "cumulativeCashFlow": -386872,
            "etfPocket": 269463,
            "netCashFlow": -22756,
            "netResale": 310852,
            "netWorth": -112227,
            "propertyValue": 357062,
            "remainingCapital": 32417,
            "rentReceived": 14683,
            "resaleBalance": -126019,
            "tax": 0,
            "totalWorth": 594107,
            "year": 18,
          },
          {
            "annuityPlusInsurance": 17454,
            "charges": 4954,
            "cumulativeCashFlow": -409802,
            "etfPocket": 292700,
            "netCashFlow": -22930,
            "netResale": 334401,
            "netWorth": -112119,
            "propertyValue": 364203,
            "remainingCapital": 16520,
            "rentReceived": 14904,
            "resaleBalance": -125401,
            "tax": 0,
            "totalWorth": 640383,
            "year": 19,
          },
          {
            "annuityPlusInsurance": 17454,
            "charges": 5048,
            "cumulativeCashFlow": -432910,
            "etfPocket": 317154,
            "netCashFlow": -23108,
            "netResale": 358911,
            "netWorth": -111423,
            "propertyValue": 371487,
            "remainingCapital": 0,
            "rentReceived": 15127,
            "resaleBalance": -123999,
            "tax": 0,
            "totalWorth": 688641,
            "year": 20,
          },
          {
            "annuityPlusInsurance": 0,
            "charges": 5143,
            "cumulativeCashFlow": -438748,
            "etfPocket": 360346,
            "netCashFlow": -5838,
            "netResale": 367248,
            "netWorth": -109831,
            "propertyValue": 378917,
            "remainingCapital": 0,
            "rentReceived": 15354,
            "resaleBalance": -121500,
            "tax": 0,
            "totalWorth": 739262,
            "year": 21,
          },
          {
            "annuityPlusInsurance": 0,
            "charges": 5241,
            "cumulativeCashFlow": -444773,
            "etfPocket": 405941,
            "netCashFlow": -6025,
            "netResale": 375379,
            "netWorth": -108278,
            "propertyValue": 386495,
            "remainingCapital": 0,
            "rentReceived": 15584,
            "resaleBalance": -119393,
            "tax": 0,
            "totalWorth": 792436,
            "year": 22,
          },
          {
            "annuityPlusInsurance": 0,
            "charges": 5340,
            "cumulativeCashFlow": -450991,
            "etfPocket": 454080,
            "netCashFlow": -6218,
            "netResale": 384597,
            "netWorth": -106766,
            "propertyValue": 394225,
            "remainingCapital": 0,
            "rentReceived": 15818,
            "resaleBalance": -116394,
            "tax": 0,
            "totalWorth": 848304,
            "year": 23,
          },
          {
            "annuityPlusInsurance": 0,
            "charges": 5441,
            "cumulativeCashFlow": -457407,
            "etfPocket": 504909,
            "netCashFlow": -6416,
            "netResale": 394211,
            "netWorth": -105297,
            "propertyValue": 402109,
            "remainingCapital": 0,
            "rentReceived": 16055,
            "resaleBalance": -113196,
            "tax": 0,
            "totalWorth": 907018,
            "year": 24,
          },
          {
            "annuityPlusInsurance": 0,
            "charges": 5544,
            "cumulativeCashFlow": -464025,
            "etfPocket": 558585,
            "netCashFlow": -6618,
            "netResale": 404231,
            "netWorth": -103874,
            "propertyValue": 410151,
            "remainingCapital": 0,
            "rentReceived": 16296,
            "resaleBalance": -109794,
            "tax": 0,
            "totalWorth": 968736,
            "year": 25,
          },
          {
            "annuityPlusInsurance": 0,
            "charges": 5648,
            "cumulativeCashFlow": -470851,
            "etfPocket": 615274,
            "netCashFlow": -6826,
            "netResale": 414668,
            "netWorth": -102497,
            "propertyValue": 418355,
            "remainingCapital": 0,
            "rentReceived": 16541,
            "resaleBalance": -106184,
            "tax": 0,
            "totalWorth": 1033628,
            "year": 26,
          },
          {
            "annuityPlusInsurance": 0,
            "charges": 5755,
            "cumulativeCashFlow": -477891,
            "etfPocket": 675151,
            "netCashFlow": -7039,
            "netResale": 425533,
            "netWorth": -101169,
            "propertyValue": 426722,
            "remainingCapital": 0,
            "rentReceived": 16789,
            "resaleBalance": -102358,
            "tax": 0,
            "totalWorth": 1101872,
            "year": 27,
          },
          {
            "annuityPlusInsurance": 0,
            "charges": 5864,
            "cumulativeCashFlow": -485148,
            "etfPocket": 738402,
            "netCashFlow": -7258,
            "netResale": 436837,
            "netWorth": -99892,
            "propertyValue": 435256,
            "remainingCapital": 0,
            "rentReceived": 17041,
            "resaleBalance": -98312,
            "tax": 0,
            "totalWorth": 1173658,
            "year": 28,
          },
          {
            "annuityPlusInsurance": 0,
            "charges": 5975,
            "cumulativeCashFlow": -492630,
            "etfPocket": 805224,
            "netCashFlow": -7482,
            "netResale": 448592,
            "netWorth": -98669,
            "propertyValue": 443961,
            "remainingCapital": 0,
            "rentReceived": 17296,
            "resaleBalance": -94038,
            "tax": 0,
            "totalWorth": 1249185,
            "year": 29,
          },
          {
            "annuityPlusInsurance": 0,
            "charges": 6088,
            "cumulativeCashFlow": -500342,
            "etfPocket": 875826,
            "netCashFlow": -7712,
            "netResale": 460810,
            "netWorth": -97502,
            "propertyValue": 452840,
            "remainingCapital": 0,
            "rentReceived": 17556,
            "resaleBalance": -89532,
            "tax": 0,
            "totalWorth": 1328666,
            "year": 30,
          },
        ],
        "grossYield": 4.2105,
        "irr10y": 1.281,
        "irr15y": 3.1048,
        "irr20y": 3.8141,
        "loanAmount": 235000,
        "moic": 3.7682,
        "monthlyCashFlow": -1355,
        "monthlyInsurance": 49,
        "monthlyPayment": 1406,
        "netYield": 2.7579,
        "npv": 20198,
        "totalCost": 285000,
        "totalInsurance": 11750,
        "totalInterest": 102332,
      },
      "enabled": true,
      "inputs": {
        "agencyFees": 0,
        "annuityGrowth": 2,
        "autoFields": [
          "notaryFees",
          "guaranteeFees",
          "brokerFees",
          "interestRate",
          "maintenanceReserve",
          "propertyTax",
        ],
        "bouquet": 50000,
        "brokerFees": 0,
        "capitalGainsSocialCharges": 17.2,
        "capitalGainsTax": 19,
        "collapsed": false,
        "condoFees": 800,
        "condoFeesPrimary": 1200,
        "downPayment": 50000,
        "enabled": true,
        "expectedDuration": 15,
        "guaranteeFees": 0,
        "homeInsurance": 300,
        "insuranceRate": 0.25,
        "interestRate": 3.85,
        "label": "Rental A",
        "landlordInsurance": 200,
        "loanFees": 0,
        "loanTerm": 20,
        "maintenanceReserve": 500,
        "maintenanceReservePrimary": 500,
        "managementFees": 7,
        "marginalTaxRate": 30,
        "marketValue": 250000,
        "mode": "rental",
        "monthlyAnnuity": 800,
        "notaryFees": 20000,
        "occupationDiscount": 35,
        "ownerCharges": 1500,
        "ownerChargesGrowth": 2,
        "propertyDepreciation": 2.5,
        "propertyGrowth": 2,
        "propertyTax": 1200,
        "propertyTaxPrimary": 1200,
        "purchasePrice": 250000,
        "renovationCosts": 15000,
        "renovationDepreciation": 10,
        "rent": 1000,
        "rentGrowth": 1.5,
        "sellingFees": 4,
        "socialCharges": 17.2,
        "vacancyRate": 5,
      },
      "label": "Rental A",
    },
    "B": {
      "computed": {
        "breakEvenYears": null,
        "etfReference": [
          {
            "etfCapital": 82800,
            "year": 1,
          },
          {
            "etfCapital": 106752,
            "year": 2,
          },
          {
            "etfCapital": 131921,
            "year": 3,
          },
          {
            "etfCapital": 158375,
            "year": 4,
          },
          {
            "etfCapital": 186187,
            "year": 5,
          },
          {
            "etfCapital": 215434,
            "year": 6,
          },
          {
            "etfCapital": 246198,
            "year": 7,
          },
          {
            "etfCapital": 278564,
            "year": 8,
          },
          {
            "etfCapital": 312624,
            "year": 9,
          },
          {
            "etfCapital": 348474,
            "year": 10,
          },
          {
            "etfCapital": 386218,
            "year": 11,
          },
          {
            "etfCapital": 425962,
            "year": 12,
          },
          {
            "etfCapital": 467823,
            "year": 13,
          },
          {
            "etfCapital": 511921,
            "year": 14,
          },
          {
            "etfCapital": 558386,
            "year": 15,
          },
          {
            "etfCapital": 607354,
            "year": 16,
          },
          {
            "etfCapital": 658969,
            "year": 17,
          },
          {
            "etfCapital": 713385,
            "year": 18,
          },
          {
            "etfCapital": 770763,
            "year": 19,
          },
          {
            "etfCapital": 831275,
            "year": 20,
          },
          {
            "etfCapital": 895103,
            "year": 21,
          },
          {
            "etfCapital": 962440,
            "year": 22,
          },
          {
            "etfCapital": 1033490,
            "year": 23,
          },
          {
            "etfCapital": 1108469,
            "year": 24,
          },
          {
            "etfCapital": 1187606,
            "year": 25,
          },
          {
            "etfCapital": 1271144,
            "year": 26,
          },
          {
            "etfCapital": 1359340,
            "year": 27,
          },
          {
            "etfCapital": 1452466,
            "year": 28,
          },
          {
            "etfCapital": 1550811,
            "year": 29,
          },
          {
            "etfCapital": 1654680,
            "year": 30,
          },
        ],
        "flows": [
          {
            "annuityPlusInsurance": 17454,
            "charges": 3200,
            "cumulativeCashFlow": -20654,
            "etfPocket": 9346,
            "netCashFlow": -20654,
            "netResale": 32447,
            "netWorth": -42696,
            "propertyValue": 255000,
            "remainingCapital": 227041,
            "resaleBalance": -38208,
            "savedRent": 10800,
            "totalWorth": 37304,
            "year": 1,
          },
          {
            "annuityPlusInsurance": 17454,
            "charges": 3264,
            "cumulativeCashFlow": -41372,
            "etfPocket": 19189,
            "netCashFlow": -20718,
            "netResale": 45907,
            "netWorth": -50043,
            "propertyValue": 260100,
            "remainingCapital": 218771,
            "resaleBalance": -45465,
            "savedRent": 11016,
            "totalWorth": 60518,
            "year": 2,
          },
          {
            "annuityPlusInsurance": 17454,
            "charges": 3329,
            "cumulativeCashFlow": -62156,
            "etfPocket": 29557,
            "netCashFlow": -20783,
            "netResale": 59795,
            "netWorth": -57030,
            "propertyValue": 265302,
            "remainingCapital": 210177,
            "resaleBalance": -52361,
            "savedRent": 11236,
            "totalWorth": 84682,
            "year": 3,
          },
          {
            "annuityPlusInsurance": 17454,
            "charges": 3396,
            "cumulativeCashFlow": -83005,
            "etfPocket": 40480,
            "netCashFlow": -20850,
            "netResale": 74125,
            "netWorth": -63643,
            "propertyValue": 270608,
            "remainingCapital": 201245,
            "resaleBalance": -58880,
            "savedRent": 11461,
            "totalWorth": 109843,
            "year": 4,
          },
          {
            "annuityPlusInsurance": 17454,
            "charges": 3464,
            "cumulativeCashFlow": -103923,
            "etfPocket": 51991,
            "netCashFlow": -20918,
            "netResale": 88914,
            "netWorth": -69867,
            "propertyValue": 276020,
            "remainingCapital": 191964,
            "resaleBalance": -65009,
            "savedRent": 11690,
            "totalWorth": 136047,
            "year": 5,
          },
          {
            "annuityPlusInsurance": 17454,
            "charges": 3533,
            "cumulativeCashFlow": -124910,
            "etfPocket": 64123,
            "netCashFlow": -20987,
            "netResale": 104177,
            "netWorth": -75689,
            "propertyValue": 281541,
            "remainingCapital": 182319,
            "resaleBalance": -70734,
            "savedRent": 11924,
            "totalWorth": 163345,
            "year": 6,
          },
          {
            "annuityPlusInsurance": 17454,
            "charges": 3604,
            "cumulativeCashFlow": -145968,
            "etfPocket": 76913,
            "netCashFlow": -21058,
            "netResale": 119930,
            "netWorth": -81093,
            "propertyValue": 287171,
            "remainingCapital": 172296,
            "resaleBalance": -76039,
            "savedRent": 12163,
            "totalWorth": 191788,
            "year": 7,
          },
          {
            "annuityPlusInsurance": 17454,
            "charges": 3676,
            "cumulativeCashFlow": -167098,
            "etfPocket": 90398,
            "netCashFlow": -21130,
            "netResale": 136190,
            "netWorth": -86064,
            "propertyValue": 292915,
            "remainingCapital": 161880,
            "resaleBalance": -80908,
            "savedRent": 12406,
            "totalWorth": 221432,
            "year": 8,
          },
          {
            "annuityPlusInsurance": 17454,
            "charges": 3749,
            "cumulativeCashFlow": -188302,
            "etfPocket": 104618,
            "netCashFlow": -21203,
            "netResale": 152975,
            "netWorth": -90585,
            "propertyValue": 298773,
            "remainingCapital": 151057,
            "resaleBalance": -85327,
            "savedRent": 12654,
            "totalWorth": 252335,
            "year": 9,
          },
          {
            "annuityPlusInsurance": 17454,
            "charges": 3824,
            "cumulativeCashFlow": -209580,
            "etfPocket": 119617,
            "netCashFlow": -21278,
            "netResale": 170304,
            "netWorth": -94640,
            "propertyValue": 304749,
            "remainingCapital": 139809,
            "resaleBalance": -89276,
            "savedRent": 12907,
            "totalWorth": 284557,
            "year": 10,
          },
          {
            "annuityPlusInsurance": 17454,
            "charges": 3901,
            "cumulativeCashFlow": -230935,
            "etfPocket": 135439,
            "netCashFlow": -21355,
            "netResale": 188195,
            "netWorth": -98211,
            "propertyValue": 310844,
            "remainingCapital": 128120,
            "resaleBalance": -92740,
            "savedRent": 13165,
            "totalWorth": 318163,
            "year": 11,
          },
          {
            "annuityPlusInsurance": 17454,
            "charges": 3979,
            "cumulativeCashFlow": -252368,
            "etfPocket": 152133,
            "netCashFlow": -21433,
            "netResale": 206668,
            "netWorth": -101280,
            "propertyValue": 317060,
            "remainingCapital": 115973,
            "resaleBalance": -95700,
            "savedRent": 13428,
            "totalWorth": 353220,
            "year": 12,
          },
          {
            "annuityPlusInsurance": 17454,
            "charges": 4058,
            "cumulativeCashFlow": -273880,
            "etfPocket": 169748,
            "netCashFlow": -21512,
            "netResale": 225743,
            "netWorth": -103829,
            "propertyValue": 323402,
            "remainingCapital": 103350,
            "resaleBalance": -98137,
            "savedRent": 13697,
            "totalWorth": 389800,
            "year": 13,
          },
          {
            "annuityPlusInsurance": 17454,
            "charges": 4140,
            "cumulativeCashFlow": -295474,
            "etfPocket": 188339,
            "netCashFlow": -21594,
            "netResale": 245443,
            "netWorth": -105837,
            "propertyValue": 329870,
            "remainingCapital": 90233,
            "resaleBalance": -100031,
            "savedRent": 13971,
            "totalWorth": 427976,
            "year": 14,
          },
          {
            "annuityPlusInsurance": 17454,
            "charges": 4222,
            "cumulativeCashFlow": -317150,
            "etfPocket": 207963,
            "netCashFlow": -21676,
            "netResale": 265788,
            "netWorth": -107284,
            "propertyValue": 336467,
            "remainingCapital": 76601,
            "resaleBalance": -101362,
            "savedRent": 14250,
            "totalWorth": 467829,
            "year": 15,
          },
          {
            "annuityPlusInsurance": 17454,
            "charges": 4307,
            "cumulativeCashFlow": -338911,
            "etfPocket": 228680,
            "netCashFlow": -21761,
            "netResale": 286801,
            "netWorth": -108150,
            "propertyValue": 343196,
            "remainingCapital": 62436,
            "resaleBalance": -102110,
            "savedRent": 14535,
            "totalWorth": 509441,
            "year": 16,
          },
          {
            "annuityPlusInsurance": 17454,
            "charges": 4393,
            "cumulativeCashFlow": -360758,
            "etfPocket": 250554,
            "netCashFlow": -21847,
            "netResale": 308507,
            "netWorth": -108412,
            "propertyValue": 350060,
            "remainingCapital": 47715,
            "resaleBalance": -102251,
            "savedRent": 14826,
            "totalWorth": 552900,
            "year": 17,
          },
          {
            "annuityPlusInsurance": 17454,
            "charges": 4481,
            "cumulativeCashFlow": -382693,
            "etfPocket": 273652,
            "netCashFlow": -21935,
            "netResale": 330929,
            "netWorth": -108048,
            "propertyValue": 357062,
            "remainingCapital": 32417,
            "resaleBalance": -101764,
            "savedRent": 15123,
            "totalWorth": 598297,
            "year": 18,
          },
          {
            "annuityPlusInsurance": 17454,
            "charges": 4570,
            "cumulativeCashFlow": -404717,
            "etfPocket": 298047,
            "netCashFlow": -22024,
            "netResale": 354093,
            "netWorth": -107035,
            "propertyValue": 364203,
            "remainingCapital": 16520,
            "resaleBalance": -100625,
            "savedRent": 15425,
            "totalWorth": 645730,
            "year": 19,
          },
          {
            "annuityPlusInsurance": 17454,
            "charges": 4662,
            "cumulativeCashFlow": -426833,
            "etfPocket": 323814,
            "netCashFlow": -22116,
            "netResale": 378025,
            "netWorth": -105346,
            "propertyValue": 371487,
            "remainingCapital": 0,
            "resaleBalance": -98808,
            "savedRent": 15734,
            "totalWorth": 695301,
            "year": 20,
          },
          {
            "annuityPlusInsurance": 0,
            "charges": 4755,
            "cumulativeCashFlow": -431588,
            "etfPocket": 368488,
            "netCashFlow": -4755,
            "netResale": 385586,
            "netWorth": -102672,
            "propertyValue": 378917,
            "remainingCapital": 0,
            "resaleBalance": -96003,
            "savedRent": 16048,
            "totalWorth": 747405,
            "year": 21,
          },
          {
            "annuityPlusInsurance": 0,
            "charges": 4850,
            "cumulativeCashFlow": -436438,
            "etfPocket": 415747,
            "netCashFlow": -4850,
            "netResale": 393297,
            "netWorth": -99943,
            "propertyValue": 386495,
            "remainingCapital": 0,
            "resaleBalance": -93141,
            "savedRent": 16369,
            "totalWorth": 802242,
            "year": 22,
          },
          {
            "annuityPlusInsurance": 0,
            "charges": 4947,
            "cumulativeCashFlow": -441385,
            "etfPocket": 465745,
            "netCashFlow": -4947,
            "netResale": 401163,
            "netWorth": -97161,
            "propertyValue": 394225,
            "remainingCapital": 0,
            "resaleBalance": -90222,
            "savedRent": 16697,
            "totalWorth": 859970,
            "year": 23,
          },
          {
            "annuityPlusInsurance": 0,
            "charges": 5046,
            "cumulativeCashFlow": -446432,
            "etfPocket": 518643,
            "netCashFlow": -5046,
            "netResale": 409186,
            "netWorth": -94322,
            "propertyValue": 402109,
            "remainingCapital": 0,
            "resaleBalance": -87245,
            "savedRent": 17031,
            "totalWorth": 920753,
            "year": 24,
          },
          {
            "annuityPlusInsurance": 0,
            "charges": 5147,
            "cumulativeCashFlow": -451579,
            "etfPocket": 574615,
            "netCashFlow": -5147,
            "netResale": 417370,
            "netWorth": -91427,
            "propertyValue": 410151,
            "remainingCapital": 0,
            "resaleBalance": -84208,
            "savedRent": 17371,
            "totalWorth": 984766,
            "year": 25,
          },
          {
            "annuityPlusInsurance": 0,
            "charges": 5250,
            "cumulativeCashFlow": -456828,
            "etfPocket": 633842,
            "netCashFlow": -5250,
            "netResale": 425718,
            "netWorth": -88474,
            "propertyValue": 418355,
            "remainingCapital": 0,
            "resaleBalance": -81111,
            "savedRent": 17719,
            "totalWorth": 1052196,
            "year": 26,
          },
          {
            "annuityPlusInsurance": 0,
            "charges": 5355,
            "cumulativeCashFlow": -462183,
            "etfPocket": 696518,
            "netCashFlow": -5355,
            "netResale": 434232,
            "netWorth": -85462,
            "propertyValue": 426722,
            "remainingCapital": 0,
            "resaleBalance": -77951,
            "savedRent": 18073,
            "totalWorth": 1123239,
            "year": 27,
          },
          {
            "annuityPlusInsurance": 0,
            "charges": 5462,
            "cumulativeCashFlow": -467645,
            "etfPocket": 762847,
            "netCashFlow": -5462,
            "netResale": 442917,
            "netWorth": -82389,
            "propertyValue": 435256,
            "remainingCapital": 0,
            "resaleBalance": -74729,
            "savedRent": 18434,
            "totalWorth": 1198103,
            "year": 28,
          },
          {
            "annuityPlusInsurance": 0,
            "charges": 5571,
            "cumulativeCashFlow": -473217,
            "etfPocket": 833046,
            "netCashFlow": -5571,
            "netResale": 451775,
            "netWorth": -79256,
            "propertyValue": 443961,
            "remainingCapital": 0,
            "resaleBalance": -71442,
            "savedRent": 18803,
            "totalWorth": 1277007,
            "year": 29,
          },
          {
            "annuityPlusInsurance": 0,
            "charges": 5683,
            "cumulativeCashFlow": -478899,
            "etfPocket": 907346,
            "netCashFlow": -5683,
            "netResale": 460810,
            "netWorth": -76059,
            "propertyValue": 452840,
            "remainingCapital": 0,
            "resaleBalance": -68089,
            "savedRent": 19179,
            "totalWorth": 1360187,
            "year": 30,
          },
        ],
        "grossYield": null,
        "irr10y": 2.8215,
        "irr15y": 3.9691,
        "irr20y": 4.333,
        "loanAmount": 235000,
        "moic": 4.2721,
        "monthlyCashFlow": -555,
        "monthlyInsurance": 49,
        "monthlyPayment": 1406,
        "netYield": null,
        "npv": 34354,
        "totalCost": 285000,
        "totalInsurance": 11750,
        "totalInterest": 102332,
      },
      "enabled": true,
      "inputs": {
        "agencyFees": 0,
        "annuityGrowth": 2,
        "autoFields": [
          "notaryFees",
          "guaranteeFees",
          "brokerFees",
          "interestRate",
          "maintenanceReservePrimary",
          "propertyTaxPrimary",
        ],
        "bouquet": 50000,
        "brokerFees": 0,
        "capitalGainsSocialCharges": 17.2,
        "capitalGainsTax": 19,
        "collapsed": false,
        "condoFees": 800,
        "condoFeesPrimary": 1200,
        "downPayment": 50000,
        "enabled": true,
        "expectedDuration": 15,
        "guaranteeFees": 0,
        "homeInsurance": 300,
        "insuranceRate": 0.25,
        "interestRate": 3.85,
        "label": "Primary B",
        "landlordInsurance": 200,
        "loanFees": 0,
        "loanTerm": 20,
        "maintenanceReserve": 500,
        "maintenanceReservePrimary": 500,
        "managementFees": 7,
        "marginalTaxRate": 30,
        "marketValue": 250000,
        "mode": "primary",
        "monthlyAnnuity": 800,
        "notaryFees": 20000,
        "occupationDiscount": 35,
        "ownerCharges": 1500,
        "ownerChargesGrowth": 2,
        "propertyDepreciation": 2.5,
        "propertyGrowth": 2,
        "propertyTax": 1200,
        "propertyTaxPrimary": 1200,
        "purchasePrice": 250000,
        "renovationCosts": 15000,
        "renovationDepreciation": 10,
        "rent": 1000,
        "rentGrowth": 1.5,
        "sellingFees": 4,
        "socialCharges": 17.2,
        "vacancyRate": 5,
      },
      "label": "Primary B",
    },
    "C": {
      "computed": {
        "breakEvenYears": null,
        "etfReference": [
          {
            "etfCapital": 82800,
            "year": 1,
          },
          {
            "etfCapital": 106752,
            "year": 2,
          },
          {
            "etfCapital": 131921,
            "year": 3,
          },
          {
            "etfCapital": 158375,
            "year": 4,
          },
          {
            "etfCapital": 186187,
            "year": 5,
          },
          {
            "etfCapital": 215434,
            "year": 6,
          },
          {
            "etfCapital": 246198,
            "year": 7,
          },
          {
            "etfCapital": 278564,
            "year": 8,
          },
          {
            "etfCapital": 312624,
            "year": 9,
          },
          {
            "etfCapital": 348474,
            "year": 10,
          },
          {
            "etfCapital": 386218,
            "year": 11,
          },
          {
            "etfCapital": 425962,
            "year": 12,
          },
          {
            "etfCapital": 467823,
            "year": 13,
          },
          {
            "etfCapital": 511921,
            "year": 14,
          },
          {
            "etfCapital": 558386,
            "year": 15,
          },
          {
            "etfCapital": 607354,
            "year": 16,
          },
          {
            "etfCapital": 658969,
            "year": 17,
          },
          {
            "etfCapital": 713385,
            "year": 18,
          },
          {
            "etfCapital": 770763,
            "year": 19,
          },
          {
            "etfCapital": 831275,
            "year": 20,
          },
          {
            "etfCapital": 895103,
            "year": 21,
          },
          {
            "etfCapital": 962440,
            "year": 22,
          },
          {
            "etfCapital": 1033490,
            "year": 23,
          },
          {
            "etfCapital": 1108469,
            "year": 24,
          },
          {
            "etfCapital": 1187606,
            "year": 25,
          },
          {
            "etfCapital": 1271144,
            "year": 26,
          },
          {
            "etfCapital": 1359340,
            "year": 27,
          },
          {
            "etfCapital": 1452466,
            "year": 28,
          },
          {
            "etfCapital": 1550811,
            "year": 29,
          },
          {
            "etfCapital": 1654680,
            "year": 30,
          },
        ],
        "flows": [
          {
            "annuityPlusInsurance": 17454,
            "charges": 3540,
            "cumulativeCashFlow": -20394,
            "etfPocket": 9606,
            "netCashFlow": -20394,
            "netResale": 30528,
            "netWorth": -42436,
            "propertyValue": 255000,
            "remainingCapital": 227041,
            "rentReceived": 11400,
            "resaleBalance": -39866,
            "tax": 0,
            "totalWorth": 37564,
            "year": 1,
          },
          {
            "annuityPlusInsurance": 17454,
            "charges": 3607,
            "cumulativeCashFlow": -40900,
            "etfPocket": 19677,
            "netCashFlow": -20506,
            "netResale": 42031,
            "netWorth": -49571,
            "propertyValue": 260100,
            "remainingCapital": 218771,
            "rentReceived": 11571,
            "resaleBalance": -48869,
            "tax": 0,
            "totalWorth": 61006,
            "year": 2,
          },
          {
            "annuityPlusInsurance": 17454,
            "charges": 3674,
            "cumulativeCashFlow": -61520,
            "etfPocket": 30237,
            "netCashFlow": -20620,
            "netResale": 53923,
            "netWorth": -56395,
            "propertyValue": 265302,
            "remainingCapital": 210177,
            "rentReceived": 11745,
            "resaleBalance": -57597,
            "tax": 0,
            "totalWorth": 85362,
            "year": 3,
          },
          {
            "annuityPlusInsurance": 17454,
            "charges": 3744,
            "cumulativeCashFlow": -82258,
            "etfPocket": 41313,
            "netCashFlow": -20738,
            "netResale": 66218,
            "netWorth": -62895,
            "propertyValue": 270608,
            "remainingCapital": 201245,
            "rentReceived": 11921,
            "resaleBalance": -66040,
            "tax": 0,
            "totalWorth": 110676,
            "year": 4,
          },
          {
            "annuityPlusInsurance": 17454,
            "charges": 3814,
            "cumulativeCashFlow": -103117,
            "etfPocket": 52933,
            "netCashFlow": -20859,
            "netResale": 78930,
            "netWorth": -69061,
            "propertyValue": 276020,
            "remainingCapital": 191964,
            "rentReceived": 12100,
            "resaleBalance": -74187,
            "tax": 0,
            "totalWorth": 136989,
            "year": 5,
          },
          {
            "annuityPlusInsurance": 17454,
            "charges": 3886,
            "cumulativeCashFlow": -124100,
            "etfPocket": 65126,
            "netCashFlow": -20983,
            "netResale": 92550,
            "netWorth": -74878,
            "propertyValue": 281541,
            "remainingCapital": 182319,
            "rentReceived": 12281,
            "resaleBalance": -81550,
            "tax": 0,
            "totalWorth": 164347,
            "year": 6,
          },
          {
            "annuityPlusInsurance": 17454,
            "charges": 3959,
            "cumulativeCashFlow": -145211,
            "etfPocket": 77923,
            "netCashFlow": -21111,
            "netResale": 106788,
            "netWorth": -80335,
            "propertyValue": 287171,
            "remainingCapital": 172296,
            "rentReceived": 12465,
            "resaleBalance": -88422,
            "tax": 0,
            "totalWorth": 192798,
            "year": 7,
          },
          {
            "annuityPlusInsurance": 17454,
            "charges": 4034,
            "cumulativeCashFlow": -166452,
            "etfPocket": 91357,
            "netCashFlow": -21241,
            "netResale": 121666,
            "netWorth": -85417,
            "propertyValue": 292915,
            "remainingCapital": 161880,
            "rentReceived": 12652,
            "resaleBalance": -94786,
            "tax": 0,
            "totalWorth": 222391,
            "year": 8,
          },
          {
            "annuityPlusInsurance": 17454,
            "charges": 4110,
            "cumulativeCashFlow": -187828,
            "etfPocket": 105463,
            "netCashFlow": -21376,
            "netResale": 137204,
            "netWorth": -90111,
            "propertyValue": 298773,
            "remainingCapital": 151057,
            "rentReceived": 12842,
            "resaleBalance": -100623,
            "tax": 0,
            "totalWorth": 253179,
            "year": 9,
          },
          {
            "annuityPlusInsurance": 17454,
            "charges": 4187,
            "cumulativeCashFlow": -209341,
            "etfPocket": 120277,
            "netCashFlow": -21514,
            "netResale": 153427,
            "netWorth": -94401,
            "propertyValue": 304749,
            "remainingCapital": 139809,
            "rentReceived": 13035,
            "resaleBalance": -105914,
            "tax": 0,
            "totalWorth": 285217,
            "year": 10,
          },
          {
            "annuityPlusInsurance": 17454,
            "charges": 4266,
            "cumulativeCashFlow": -230996,
            "etfPocket": 135838,
            "netCashFlow": -21655,
            "netResale": 170357,
            "netWorth": -98273,
            "propertyValue": 310844,
            "remainingCapital": 128120,
            "rentReceived": 13230,
            "resaleBalance": -110639,
            "tax": 0,
            "totalWorth": 318562,
            "year": 11,
          },
          {
            "annuityPlusInsurance": 17454,
            "charges": 4347,
            "cumulativeCashFlow": -252797,
            "etfPocket": 152188,
            "netCashFlow": -21800,
            "netResale": 188020,
            "netWorth": -101709,
            "propertyValue": 317060,
            "remainingCapital": 115973,
            "rentReceived": 13429,
            "resaleBalance": -114777,
            "tax": 0,
            "totalWorth": 353275,
            "year": 12,
          },
          {
            "annuityPlusInsurance": 17454,
            "charges": 4429,
            "cumulativeCashFlow": -274747,
            "etfPocket": 169370,
            "netCashFlow": -21950,
            "netResale": 206440,
            "netWorth": -104695,
            "propertyValue": 323402,
            "remainingCapital": 103350,
            "rentReceived": 13630,
            "resaleBalance": -118306,
            "tax": 0,
            "totalWorth": 389421,
            "year": 13,
          },
          {
            "annuityPlusInsurance": 17454,
            "charges": 4512,
            "cumulativeCashFlow": -296849,
            "etfPocket": 187429,
            "netCashFlow": -22103,
            "netResale": 225644,
            "netWorth": -107212,
            "propertyValue": 329870,
            "remainingCapital": 90233,
            "rentReceived": 13834,
            "resaleBalance": -121205,
            "tax": 0,
            "totalWorth": 427066,
            "year": 14,
          },
          {
            "annuityPlusInsurance": 17454,
            "charges": 4597,
            "cumulativeCashFlow": -319109,
            "etfPocket": 206415,
            "netCashFlow": -22260,
            "netResale": 245658,
            "netWorth": -109243,
            "propertyValue": 336467,
            "remainingCapital": 76601,
            "rentReceived": 14042,
            "resaleBalance": -123450,
            "tax": 0,
            "totalWorth": 466281,
            "year": 15,
          },
          {
            "annuityPlusInsurance": 17454,
            "charges": 4684,
            "cumulativeCashFlow": -341530,
            "etfPocket": 226379,
            "netCashFlow": -22421,
            "netResale": 266512,
            "netWorth": -110769,
            "propertyValue": 343196,
            "remainingCapital": 62436,
            "rentReceived": 14253,
            "resaleBalance": -125018,
            "tax": 0,
            "totalWorth": 507140,
            "year": 16,
          },
          {
            "annuityPlusInsurance": 17454,
            "charges": 4772,
            "cumulativeCashFlow": -364116,
            "etfPocket": 247376,
            "netCashFlow": -22586,
            "netResale": 288233,
            "netWorth": -111770,
            "propertyValue": 350060,
            "remainingCapital": 47715,
            "rentReceived": 14466,
            "resaleBalance": -125883,
            "tax": 0,
            "totalWorth": 549721,
            "year": 17,
          },
          {
            "annuityPlusInsurance": 17454,
            "charges": 4863,
            "cumulativeCashFlow": -386872,
            "etfPocket": 269463,
            "netCashFlow": -22756,
            "netResale": 310852,
            "netWorth": -112227,
            "propertyValue": 357062,
            "remainingCapital": 32417,
            "rentReceived": 14683,
            "resaleBalance": -126019,
            "tax": 0,
            "totalWorth": 594107,
            "year": 18,
          },
          {
            "annuityPlusInsurance": 17454,
            "charges": 4954,
            "cumulativeCashFlow": -409802,
            "etfPocket": 292700,
            "netCashFlow": -22930,
            "netResale": 334401,
            "netWorth": -112119,
            "propertyValue": 364203,
            "remainingCapital": 16520,
            "rentReceived": 14904,
            "resaleBalance": -125401,
            "tax": 0,
            "totalWorth": 640383,
            "year": 19,
          },
          {
            "annuityPlusInsurance": 17454,
            "charges": 5048,
            "cumulativeCashFlow": -432910,
            "etfPocket": 317154,
            "netCashFlow": -23108,
            "netResale": 358911,
            "netWorth": -111423,
            "propertyValue": 371487,
            "remainingCapital": 0,
            "rentReceived": 15127,
            "resaleBalance": -123999,
            "tax": 0,
            "totalWorth": 688641,
            "year": 20,
          },
          {
            "annuityPlusInsurance": 0,
            "charges": 5143,
            "cumulativeCashFlow": -438748,
            "etfPocket": 360346,
            "netCashFlow": -5838,
            "netResale": 367248,
            "netWorth": -109831,
            "propertyValue": 378917,
            "remainingCapital": 0,
            "rentReceived": 15354,
            "resaleBalance": -121500,
            "tax": 0,
            "totalWorth": 739262,
            "year": 21,
          },
          {
            "annuityPlusInsurance": 0,
            "charges": 5241,
            "cumulativeCashFlow": -444773,
            "etfPocket": 405941,
            "netCashFlow": -6025,
            "netResale": 375379,
            "netWorth": -108278,
            "propertyValue": 386495,
            "remainingCapital": 0,
            "rentReceived": 15584,
            "resaleBalance": -119393,
            "tax": 0,
            "totalWorth": 792436,
            "year": 22,
          },
          {
            "annuityPlusInsurance": 0,
            "charges": 5340,
            "cumulativeCashFlow": -450991,
            "etfPocket": 454080,
            "netCashFlow": -6218,
            "netResale": 384597,
            "netWorth": -106766,
            "propertyValue": 394225,
            "remainingCapital": 0,
            "rentReceived": 15818,
            "resaleBalance": -116394,
            "tax": 0,
            "totalWorth": 848304,
            "year": 23,
          },
          {
            "annuityPlusInsurance": 0,
            "charges": 5441,
            "cumulativeCashFlow": -457407,
            "etfPocket": 504909,
            "netCashFlow": -6416,
            "netResale": 394211,
            "netWorth": -105297,
            "propertyValue": 402109,
            "remainingCapital": 0,
            "rentReceived": 16055,
            "resaleBalance": -113196,
            "tax": 0,
            "totalWorth": 907018,
            "year": 24,
          },
          {
            "annuityPlusInsurance": 0,
            "charges": 5544,
            "cumulativeCashFlow": -464025,
            "etfPocket": 558585,
            "netCashFlow": -6618,
            "netResale": 404231,
            "netWorth": -103874,
            "propertyValue": 410151,
            "remainingCapital": 0,
            "rentReceived": 16296,
            "resaleBalance": -109794,
            "tax": 0,
            "totalWorth": 968736,
            "year": 25,
          },
          {
            "annuityPlusInsurance": 0,
            "charges": 5648,
            "cumulativeCashFlow": -470851,
            "etfPocket": 615274,
            "netCashFlow": -6826,
            "netResale": 414668,
            "netWorth": -102497,
            "propertyValue": 418355,
            "remainingCapital": 0,
            "rentReceived": 16541,
            "resaleBalance": -106184,
            "tax": 0,
            "totalWorth": 1033628,
            "year": 26,
          },
          {
            "annuityPlusInsurance": 0,
            "charges": 5755,
            "cumulativeCashFlow": -477891,
            "etfPocket": 675151,
            "netCashFlow": -7039,
            "netResale": 425533,
            "netWorth": -101169,
            "propertyValue": 426722,
            "remainingCapital": 0,
            "rentReceived": 16789,
            "resaleBalance": -102358,
            "tax": 0,
            "totalWorth": 1101872,
            "year": 27,
          },
          {
            "annuityPlusInsurance": 0,
            "charges": 5864,
            "cumulativeCashFlow": -485148,
            "etfPocket": 738402,
            "netCashFlow": -7258,
            "netResale": 436837,
            "netWorth": -99892,
            "propertyValue": 435256,
            "remainingCapital": 0,
            "rentReceived": 17041,
            "resaleBalance": -98312,
            "tax": 0,
            "totalWorth": 1173658,
            "year": 28,
          },
          {
            "annuityPlusInsurance": 0,
            "charges": 5975,
            "cumulativeCashFlow": -492630,
            "etfPocket": 805224,
            "netCashFlow": -7482,
            "netResale": 448592,
            "netWorth": -98669,
            "propertyValue": 443961,
            "remainingCapital": 0,
            "rentReceived": 17296,
            "resaleBalance": -94038,
            "tax": 0,
            "totalWorth": 1249185,
            "year": 29,
          },
          {
            "annuityPlusInsurance": 0,
            "charges": 6088,
            "cumulativeCashFlow": -500342,
            "etfPocket": 875826,
            "netCashFlow": -7712,
            "netResale": 460810,
            "netWorth": -97502,
            "propertyValue": 452840,
            "remainingCapital": 0,
            "rentReceived": 17556,
            "resaleBalance": -89532,
            "tax": 0,
            "totalWorth": 1328666,
            "year": 30,
          },
        ],
        "grossYield": 4.2105,
        "irr10y": 1.281,
        "irr15y": 3.1048,
        "irr20y": 3.8141,
        "loanAmount": 235000,
        "moic": 3.7682,
        "monthlyCashFlow": -1355,
        "monthlyInsurance": 49,
        "monthlyPayment": 1406,
        "netYield": 2.7579,
        "npv": 20198,
        "totalCost": 285000,
        "totalInsurance": 11750,
        "totalInterest": 102332,
      },
      "enabled": false,
      "inputs": {
        "agencyFees": 0,
        "annuityGrowth": 2,
        "autoFields": [
          "notaryFees",
          "guaranteeFees",
          "brokerFees",
          "interestRate",
          "maintenanceReserve",
          "propertyTax",
        ],
        "bouquet": 50000,
        "brokerFees": 0,
        "capitalGainsSocialCharges": 17.2,
        "capitalGainsTax": 19,
        "collapsed": false,
        "condoFees": 800,
        "condoFeesPrimary": 1200,
        "downPayment": 50000,
        "enabled": false,
        "expectedDuration": 15,
        "guaranteeFees": 0,
        "homeInsurance": 300,
        "insuranceRate": 0.25,
        "interestRate": 3.85,
        "label": "Rental C",
        "landlordInsurance": 200,
        "loanFees": 0,
        "loanTerm": 20,
        "maintenanceReserve": 500,
        "maintenanceReservePrimary": 500,
        "managementFees": 7,
        "marginalTaxRate": 30,
        "marketValue": 250000,
        "mode": "rental",
        "monthlyAnnuity": 800,
        "notaryFees": 20000,
        "occupationDiscount": 35,
        "ownerCharges": 1500,
        "ownerChargesGrowth": 2,
        "propertyDepreciation": 2.5,
        "propertyGrowth": 2,
        "propertyTax": 1200,
        "propertyTaxPrimary": 1200,
        "purchasePrice": 250000,
        "renovationCosts": 15000,
        "renovationDepreciation": 10,
        "rent": 1000,
        "rentGrowth": 1.5,
        "sellingFees": 4,
        "socialCharges": 17.2,
        "vacancyRate": 5,
      },
      "label": "Rental C",
    },
  },
}
`;
